                                                                      Page 1
                                                              C:\Windows\TEMP\gh_00006co3.si
Command Line: D:\ts_mirr\gh\ARM.V2017.1.4\comp_201714\asarm.exe -elf -b0 -I. -ICryptoLib/DummyCrypto/usercode -IFBL/FBL_Output/inc -IFBL/Integration_Code/integration_FBL_F/fixedcode -IFBL/Integration_Code/integration_FBL_F/usercode -IFBL/Integration_Code/integration_FBL_F/usercode/infineon_ucb/TC3XX -IFBL/Modules/b_autosar_cdd_FBL_common/delivery/aut_hsm -IFBL/Modules/b_autosar_cdd_FBL_common/delivery/btl -IFBL/Modules/b_autosar_cdd_FBL_common/delivery/comm -IFBL/Modules/b_autosar_cdd_FBL_common/delivery/diag -IFBL/Modules/b_autosar_cdd_FBL_common/delivery/mem -IFBL/Modules/b_autosar_cdd_FBL_common/delivery/misc -IFBL/Modules/b_autosar_cdd_FBL_common/delivery/sec -IFBL/Modules/b_autosar_cdd_FBL_cytxxx/delivery -IFBL/Modules/b_autosar_cdd_FBL_cytxxx/delivery/ip/CYT2B7 -IFBL/Modules/b_autosar_cdd_FBL_cytxxx/delivery/ip/CYT2B9 -IFBL/Modules/b_autosar_cdd_FBL_cytxxx/delivery/ip/CYT2BL -IFBL/Modules/b_autosar_cdd_FBL_cytxxx/delivery/ip/CYT3BB -IFBL/Modules/b_autosar_cdd_FBL_cytxxx/delivery/ip/CYT4BB -IFBL/Modules/b_autosar_cdd_FBL_cytxxx/delivery/ip/CYT4BF -Iinc -ID:\ts_mirr\gh\ARM.V2017.1.4\comp_201714\lib\thumb2 -cpu=cortexm4f -fpu=vfpv3_d16 -fpu=single -patch_dbo=C:\Working\AUTOSAR\WPC\01_SWP_Backup\ksn_backup\e_ka4_pe_wpc_v200_220519_1\FBL\Debug_FBL\CryptoLib\DummyCrypto\usercode\Dummy_HaeASK.dbo -source=Dummy_HaeASK.c -o FBL\Debug_FBL\CryptoLib\DummyCrypto\usercode\gh_00006co3.o -list=FBL/Debug_FBL/CryptoLib/DummyCrypto/usercode/Dummy_HaeASK.lst C:\Windows\TEMP\gh_00006co3.si 
Original File: C:\Windows\TEMP\gh_00006co3.si
Source File: Dummy_HaeASK.c
Directory: C:\Working\AUTOSAR\WPC\01_SWP_Backup\ksn_backup\e_ka4_pe_wpc_v200_220519_1
Host OS: Windows
EASE: Copyright (C) 1983-2016 Green Hills Software.  All Rights Reserved.
Release: Compiler v2017.1.4
Build Directory: [Directory] COMP-VAL-WIN47:l:/compiler/release-branch-2017-1-comp/build/v2017.1-2017-04-09/win32-comp-ecom
Revision: [VCInfo] http://toolsvc/branches/release-branch-2017-1-comp/src@589570 (built by auto-compiler)
Revision Date: Mon Apr 10 11:52:57 2017

Release Date: Mon Apr 10 09:00:05 2017

                       1 ;Driver Command: ccarm -o
                       2 ;		FBL/Debug_FBL/CryptoLib/DummyCrypto/usercode/Dummy_HaeASK.o
                       3 ;		-D__GHS__ --no_alternative_tokens --no_commons --prototype_errors
                       4 ;		--short_enum -DCPU_BOARD_REVC -DCYT2B98CAE -DCY_USE_PSVP=0
                       5 ;		-D__ghs__ -Dcyt2b9 -Dtviibe2m -G -OI -Ointerproc -Olink -Omax
                       6 ;		-Ospeed -Wformat -Wimplicit-int -Wshadow -Wtrigraphs -Wundef
                       7 ;		-align4 -asm3g -c -cpu=cortexm4f -dwarf2 -fsingle
                       8 ;		-globalcheck=normal -globalcheck_qualifiers -list -nostartfiles
                       9 ;		-preprocess_assembly_files -reject_duplicates -thumb -thumb_lib
                      10 ;		--gnu_asm -D__cortexm4__ -DFLASH_START -DGHS -DIN_BOOT
                      11 ;		-D_GHS_C_ARM_ -D__EDG__ -DDISABLE_MCAL_INTERMODULE_ASR_CHECK -I.
                      12 ;		-ICryptoLib/DummyCrypto/usercode -IFBL/FBL_Output/inc
                      13 ;		-IFBL/Integration_Code/integration_FBL_F/fixedcode
                      14 ;		-IFBL/Integration_Code/integration_FBL_F/usercode
                      15 ;		-IFBL/Integration_Code/integration_FBL_F/usercode/infineon_ucb/TC3XX
                      16 ;		-IFBL/Modules/b_autosar_cdd_FBL_common/delivery/aut_hsm
                      17 ;		-IFBL/Modules/b_autosar_cdd_FBL_common/delivery/btl
                      18 ;		-IFBL/Modules/b_autosar_cdd_FBL_common/delivery/comm
                      19 ;		-IFBL/Modules/b_autosar_cdd_FBL_common/delivery/diag
                      20 ;		-IFBL/Modules/b_autosar_cdd_FBL_common/delivery/mem
                      21 ;		-IFBL/Modules/b_autosar_cdd_FBL_common/delivery/misc
                      22 ;		-IFBL/Modules/b_autosar_cdd_FBL_common/delivery/sec
                      23 ;		-IFBL/Modules/b_autosar_cdd_FBL_cytxxx/delivery
                      24 ;		-IFBL/Modules/b_autosar_cdd_FBL_cytxxx/delivery/ip/CYT2B7
                      25 ;		-IFBL/Modules/b_autosar_cdd_FBL_cytxxx/delivery/ip/CYT2B9
                      26 ;		-IFBL/Modules/b_autosar_cdd_FBL_cytxxx/delivery/ip/CYT2BL
                      27 ;		-IFBL/Modules/b_autosar_cdd_FBL_cytxxx/delivery/ip/CYT3BB
                      28 ;		-IFBL/Modules/b_autosar_cdd_FBL_cytxxx/delivery/ip/CYT4BB
                      29 ;		-IFBL/Modules/b_autosar_cdd_FBL_cytxxx/delivery/ip/CYT4BF -Iinc
                      30 ;		CryptoLib/DummyCrypto/usercode/Dummy_HaeASK.c
                      31 ;Source File:   CryptoLib/DummyCrypto/usercode/Dummy_HaeASK.c
                      32 ;Directory:     
                      33 ;		C:\Working\AUTOSAR\WPC\01_SWP_Backup\ksn_backup\e_ka4_pe_wpc_v200_220519_1
                      34 ;Compile Date:  Wed May 25 13:50:59 2022
                      35 ;Host OS:       Win32
                      36 ;Version:       C-ARM 2017.1.4 RELEASE VERSION
                      37 ;Release:       Compiler v2017.1.4
                      38 ;Revision Date: Tue Apr 11 02:37:22 2017
                      39 ;Release Date:  Mon Apr 10 09:00:05 2017
                      40 ; ecom  -g -w -OLM
                      41 	.text
                      42 ..bof.C.3A.5CWorking.5CAUTOSAR.5CWPC.5C01_SWP_Backup.5Cksn_backup.5Ce_ka4_pe_wpc_v200_220519_1.5CFBL.5CDebug_FBL.5CCryptoLib.5CDummyCrypto.5Cusercode.5CDummy_HaeASK...43.3A.5CWorking.5CAUTOSAR.5CWPC.5C01_SWP_Backup.5Cksn_backup.5Ce_ka4_pe_wpc_v200_220519_1..628DB5B3..0::
                      43 	.align	2
                      44 ..gh.f.f.1.a.1.e.0:
                      45 	.endo	..gh.f.f.1.a.1.e.0
                      46 	.thumb2
                      47 ASK_KeyGenerate::
                      48 .LDW01:
00000000 2001         49 	movs	r0,1
                      50 .LDW11:

                                                                      Page 2
                                                              C:\Windows\TEMP\gh_00006co3.si
00000002 4770         51 	ret
                      52 __ghs_eofn_ASK_KeyGenerate::
                      53 	.endf	ASK_KeyGenerate
                      54 
                      55 ;seed_buffer_8byte	none	param
                      56 ;key_buffer_8byte	none	param
                      57 
                      58 	.section ".bss","awb"
                      59 .L48:
                      60 	.endo	.L48
                      61 	.text
                      62 ..gh.f.f.1.a.1.e.1:
                      63 	.endo	..gh.f.f.1.a.1.e.1
                      64 ASK_Rand8ByteGenerate::
                      65 .LDW21:
00000004 2001         66 	movs	r0,1
                      67 .LDW31:
00000006 4770         68 	ret
                      69 __ghs_eofn_ASK_Rand8ByteGenerate::
                      70 	.endf	ASK_Rand8ByteGenerate
                      71 
                      72 ;seed_buffer_8byte	none	param
                      73 
                      74 	.section ".bss","awb"
                      75 .L112:
                      76 	.endo	.L112
                      77 	.text
                      78 ..gh.f.f.1.a.1.e.2:
                      79 	.endo	..gh.f.f.1.a.1.e.2
                      80 ASK_RandInit::
                      81 .LDW41:
                      82 .LDW51:
00000008 4770         83 	ret
                      84 __ghs_eofn_ASK_RandInit::
                      85 	.endf	ASK_RandInit
                      86 
                      87 ;rand_seed	none	param
                      88 
                      89 	.section ".bss","awb"
                      90 .L170:
                      91 	.endo	.L170
                      92 	.text
                      93 ..gh.f.f.1.a.1.e.3:
                      94 	.endo	..gh.f.f.1.a.1.e.3
                      95 vGetVersionInfo::
                      96 .LDW61:
                      97 .LDW71:
0000000a 4770         98 	ret
                      99 __ghs_eofn_vGetVersionInfo::
                     100 	.endf	vGetVersionInfo
                     101 
                     102 ;pVersionInfo	none	param
                     103 
                     104 	.section ".bss","awb"
                     105 .L234:
                     106 	.endo	.L234
                     107 	.text
                     108 
                     109 	.ghsnote info, 19, 3, 640
                     110 	.align	2
                     111 ..eof.C.3A.5CWorking.5CAUTOSAR.5CWPC.5C01_SWP_Backup.5Cksn_backup.5Ce_ka4_pe_wpc_v200_220519_1.5CFBL.5CDebug_FBL.5CCryptoLib.5CDummyCrypto.5Cusercode.5CDummy_HaeASK...43.3A.5CWorking.5CAUTOSAR.5CWPC.5C01_SWP_Backup.5Cksn_backup.5Ce_ka4_pe_wpc_v200_220519_1..628DB5B3..0::

                                                                      Page 3
                                                              C:\Windows\TEMP\gh_00006co3.si
                     112 	.section	.debug_info
                     113 .Ldw_begin:
00000000 00000000*   114 	.data.w	.Ldw_end-.Ldw_begin-4
00000004 0002        115 	.data.b	2,0
00000006 00000000*   116 	.data.w	.Ldw_abbr_begin
0000000a 04          117 	.data.b	4
                     118 	.section	.debug_abbrev
                     119 .Ldw_abbr_begin:
                     120 	.section	.debug_info
0000000b 01          121 	.data.b	1
0000000c 00000000*   122 	.data.w	..bof.C.3A.5CWorking.5CAUTOSAR.5CWPC.5C01_SWP_Backup.5Cksn_backup.5Ce_ka4_pe_wpc_v200_220519_1.5CFBL.5CDebug_FBL.5CCryptoLib.5CDummyCrypto.5Cusercode.5CDummy_HaeASK...43.3A.5CWorking.5CAUTOSAR.5CWPC.5C01_SWP_Backup.5Cksn_backup.5Ce_ka4_pe_wpc_v200_220519_1..628DB5B3..0
00000010 00000000*   123 	.data.w	..eof.C.3A.5CWorking.5CAUTOSAR.5CWPC.5C01_SWP_Backup.5Cksn_backup.5Ce_ka4_pe_wpc_v200_220519_1.5CFBL.5CDebug_FBL.5CCryptoLib.5CDummyCrypto.5Cusercode.5CDummy_HaeASK...43.3A.5CWorking.5CAUTOSAR.5CWPC.5C01_SWP_Backup.5Cksn_backup.5Ce_ka4_pe_wpc_v200_220519_1..628DB5B3..0
00000014 70797243    124 	.data.b	67,114,121,112,116,111,76,105,98,47,68,117,109,109,121,67,114,121,112,116,111,47,117,115,101,114,99,111,100,101,47,68,117,109,109,121,95,72,97,101,65,83,75,46,99,0
00000018 694c6f74 
0000001c 75442f62 
00000020 43796d6d 
00000024 74707972 
00000028 73752f6f 
0000002c 6f637265 
00000030 442f6564 
00000034 796d6d75 
00000038 6561485f 
0000003c 2e4b5341 
00000040 0063 
00000042 575c3a43    125 	.data.b	67,58,92,87,111,114,107,105,110,103,92,65,85,84,79,83,65,82,92,87,80,67,92,48,49,95,83,87,80,95,66,97,99,107,117,112,92,107,115,110,95,98,97,99,107,117,112,92,101,95,107,97,52,95,112,101,95,119,112,99
00000046 696b726f 
0000004a 415c676e 
0000004e 534f5455 
00000052 575c5241 
00000056 305c4350 
0000005a 57535f31 
0000005e 61425f50 
00000062 70756b63 
00000066 6e736b5c 
0000006a 6361625f 
0000006e 5c70756b 
00000072 616b5f65 
00000076 65705f34 
0000007a 6370775f 
0000007e 3032765f    126 	.data.b	95,118,50,48,48,95,50,50,48,53,49,57,95,49,0
00000082 32325f30 
00000086 39313530 
0000008a 00315f 
0000008d 20534847    127 	.data.b	71,72,83,32,67,32,50,48,49,55,46,49,46,52,32,91,100,117,97,108,93,0
00000091 30322043 
00000095 312e3731 
00000099 5b20342e 
0000009d 6c617564 
000000a1 005d 
000000a3 0001        128 	.data.b	1,0
000000a5 00000000*   129 	.data.w	.Ldw_line_begin
000000a9 00000000*   130 	.data.w	.Ldw_macinfo_begin
000000ad 00          131 	.data.b	0
                     132 
                     133 	.section	.debug_abbrev
00000000 01          134 	.data.b	1
00000001 11          135 	.data.b	17
00000002 01          136 	.data.b	1
00000003 0111        137 	.data.b	17,1
00000005 0112        138 	.data.b	18,1
00000007 0803        139 	.data.b	3,8

                                                                      Page 4
                                                              C:\Windows\TEMP\gh_00006co3.si
00000009 081b        140 	.data.b	27,8
0000000b 0825        141 	.data.b	37,8
0000000d 0513        142 	.data.b	19,5
0000000f 0610        143 	.data.b	16,6
00000011 0643        144 	.data.b	67,6
00000013 0b42        145 	.data.b	66,11
00000015 0000        146 	.data.b	0,0
                     147 
                     148 	.section	.debug_line
                     149 .Ldw_line_begin:
00000000 00000000*   150 	.data.w	.Ldw_line_end-.Ldw_line_begin-4
00000004 0002        151 	.data.b	2,0
00000006 00000000*   152 	.data.w	.Ldw_lpro_end-.Ldw_lpro_begin
                     153 .Ldw_lpro_begin:
0000000a 01          154 	.data.b	1
0000000b 00          155 	.data.b	0
0000000c 00          156 	.data.b	0
0000000d 04          157 	.data.b	4
0000000e 0a          158 	.data.b	10
0000000f 010100      159 	.data.b	0,1,1
00000012 000101      160 	.data.b	1,1,0
00000015 010000      161 	.data.b	0,0,1
00000018 00          162 	.data.b	0
00000019 70797243    163 	.data.b	67,114,121,112,116,111,76,105,98,47,68,117,109,109,121,67,114,121,112,116,111,47,117,115,101,114,99,111,100,101,47,68,117,109,109,121,95,72,97,101,65,83,75,46,99,0
0000001d 694c6f74 
00000021 75442f62 
00000025 43796d6d 
00000029 74707972 
0000002d 73752f6f 
00000031 6f637265 
00000035 442f6564 
00000039 796d6d75 
0000003d 6561485f 
00000041 2e4b5341 
00000045 0063 
00000047 000000      164 	.data.b	0,0,0
0000004a 70797243    165 	.data.b	67,114,121,112,116,111,76,105,98,47,68,117,109,109,121,67,114,121,112,116,111,47,117,115,101,114,99,111,100,101,47,68,117,109,109,121,95,72,97,101,65,83,75,46,104,0
0000004e 694c6f74 
00000052 75442f62 
00000056 43796d6d 
0000005a 74707972 
0000005e 73752f6f 
00000062 6f637265 
00000066 442f6564 
0000006a 796d6d75 
0000006e 6561485f 
00000072 2e4b5341 
00000076 0068 
00000078 000000      166 	.data.b	0,0,0
0000007b 00          167 	.data.b	0
                     168 .Ldw_lpro_end:
                     169 	.section	.debug_macinfo
                     170 .Ldw_macinfo_begin:
                     171 	.section	.debug_frame
                     172 .LDW_37ec358:
00000000 00000000*   173 	.data.w	.LDW_unq_2-.LDW_unq_1
                     174 .LDW_unq_1:
00000004 ffffffff    175 	.data.b	255,255,255,255
00000008 01          176 	.data.b	1
00000009 00          177 	.data.b	0
0000000a 01          178 	.data.b	1

                                                                      Page 5
                                                              C:\Windows\TEMP\gh_00006co3.si
0000000b 01          179 	.data.b	1
0000000c 00          180 	.data.b	0
0000000d 0c          181 	.data.b	12
0000000e 0d          182 	.data.b	13
0000000f 00          183 	.data.b	0
00000010 07          184 	.data.b	7
00000011 00          185 	.data.b	0
00000012 07          186 	.data.b	7
00000013 01          187 	.data.b	1
00000014 07          188 	.data.b	7
00000015 02          189 	.data.b	2
00000016 07          190 	.data.b	7
00000017 03          191 	.data.b	3
00000018 07          192 	.data.b	7
00000019 04          193 	.data.b	4
0000001a 07          194 	.data.b	7
0000001b 05          195 	.data.b	5
0000001c 07          196 	.data.b	7
0000001d 06          197 	.data.b	6
0000001e 07          198 	.data.b	7
0000001f 07          199 	.data.b	7
00000020 07          200 	.data.b	7
00000021 08          201 	.data.b	8
00000022 07          202 	.data.b	7
00000023 09          203 	.data.b	9
00000024 07          204 	.data.b	7
00000025 0a          205 	.data.b	10
00000026 07          206 	.data.b	7
00000027 0b          207 	.data.b	11
00000028 07          208 	.data.b	7
00000029 0c          209 	.data.b	12
0000002a 07          210 	.data.b	7
0000002b 0d          211 	.data.b	13
0000002c 07          212 	.data.b	7
0000002d 0e          213 	.data.b	14
0000002e 07          214 	.data.b	7
0000002f 0f          215 	.data.b	15
00000030 07          216 	.data.b	7
00000031 10          217 	.data.b	16
00000032 07          218 	.data.b	7
00000033 11          219 	.data.b	17
00000034 07          220 	.data.b	7
00000035 12          221 	.data.b	18
00000036 07          222 	.data.b	7
00000037 13          223 	.data.b	19
00000038 07          224 	.data.b	7
00000039 14          225 	.data.b	20
0000003a 07          226 	.data.b	7
0000003b 15          227 	.data.b	21
0000003c 07          228 	.data.b	7
0000003d 16          229 	.data.b	22
0000003e 07          230 	.data.b	7
0000003f 17          231 	.data.b	23
00000040 07          232 	.data.b	7
00000041 18          233 	.data.b	24
00000042 07          234 	.data.b	7
00000043 19          235 	.data.b	25
00000044 07          236 	.data.b	7
00000045 1a          237 	.data.b	26
00000046 07          238 	.data.b	7
00000047 1b          239 	.data.b	27

                                                                      Page 6
                                                              C:\Windows\TEMP\gh_00006co3.si
00000048 07          240 	.data.b	7
00000049 1c          241 	.data.b	28
0000004a 07          242 	.data.b	7
0000004b 1d          243 	.data.b	29
0000004c 07          244 	.data.b	7
0000004d 1e          245 	.data.b	30
0000004e 07          246 	.data.b	7
0000004f 1f          247 	.data.b	31
00000050 07          248 	.data.b	7
00000051 20          249 	.data.b	32
00000052 07          250 	.data.b	7
00000053 21          251 	.data.b	33
00000054 07          252 	.data.b	7
00000055 22          253 	.data.b	34
00000056 07          254 	.data.b	7
00000057 23          255 	.data.b	35
00000058 07          256 	.data.b	7
00000059 24          257 	.data.b	36
0000005a 07          258 	.data.b	7
0000005b 25          259 	.data.b	37
0000005c 07          260 	.data.b	7
0000005d 26          261 	.data.b	38
0000005e 07          262 	.data.b	7
0000005f 27          263 	.data.b	39
00000060 07          264 	.data.b	7
00000061 28          265 	.data.b	40
00000062 07          266 	.data.b	7
00000063 29          267 	.data.b	41
00000064 07          268 	.data.b	7
00000065 2a          269 	.data.b	42
00000066 07          270 	.data.b	7
00000067 2b          271 	.data.b	43
00000068 07          272 	.data.b	7
00000069 2c          273 	.data.b	44
0000006a 07          274 	.data.b	7
0000006b 2d          275 	.data.b	45
0000006c 07          276 	.data.b	7
0000006d 2e          277 	.data.b	46
0000006e 07          278 	.data.b	7
0000006f 2f          279 	.data.b	47
00000070 07          280 	.data.b	7
00000071 30          281 	.data.b	48
00000072 07          282 	.data.b	7
00000073 31          283 	.data.b	49
00000074 07          284 	.data.b	7
00000075 32          285 	.data.b	50
00000076 07          286 	.data.b	7
00000077 33          287 	.data.b	51
00000078 07          288 	.data.b	7
00000079 34          289 	.data.b	52
0000007a 07          290 	.data.b	7
0000007b 35          291 	.data.b	53
0000007c 07          292 	.data.b	7
0000007d 36          293 	.data.b	54
0000007e 07          294 	.data.b	7
0000007f 37          295 	.data.b	55
00000080 07          296 	.data.b	7
00000081 38          297 	.data.b	56
00000082 07          298 	.data.b	7
00000083 39          299 	.data.b	57
00000084 07          300 	.data.b	7

                                                                      Page 7
                                                              C:\Windows\TEMP\gh_00006co3.si
00000085 3a          301 	.data.b	58
00000086 07          302 	.data.b	7
00000087 3b          303 	.data.b	59
00000088 07          304 	.data.b	7
00000089 3c          305 	.data.b	60
0000008a 07          306 	.data.b	7
0000008b 3d          307 	.data.b	61
0000008c 07          308 	.data.b	7
0000008d 3e          309 	.data.b	62
0000008e 07          310 	.data.b	7
0000008f 3f          311 	.data.b	63
                     312 .LDW_unq_2:
                     313 	.section	.debug_info
                     314 .LDW_37bdec0:
000000ae 27          315 	.data.b	39
000000af 69736e75    316 	.data.b	117,110,115,105,103,110,101,100,32,99,104,97,114,0
000000b3 64656e67 
000000b7 61686320 
000000bb 0072 
000000bd 08          317 	.data.b	8
000000be 01          318 	.data.b	1
                     319 
                     320 	.section	.debug_abbrev
00000017 27          321 	.data.b	39
00000018 24          322 	.data.b	36
00000019 00          323 	.data.b	0
0000001a 0803        324 	.data.b	3,8
0000001c 0b3e        325 	.data.b	62,11
0000001e 0b0b        326 	.data.b	11,11
00000020 0000        327 	.data.b	0,0
                     328 
                     329 	.section	.debug_info
                     330 .LDW_37eecb0:
000000bf 2b          331 	.data.b	43
000000c0 00000000*   332 	.data.w	.LDW_37eec58
                     333 
                     334 	.section	.debug_abbrev
00000022 2b          335 	.data.b	43
00000023 26          336 	.data.b	38
00000024 00          337 	.data.b	0
00000025 1049        338 	.data.b	73,16
00000027 0000        339 	.data.b	0,0
                     340 
                     341 	.section	.debug_info
                     342 .LDW_37bdb08:
000000c4 31          343 	.data.b	49
000000c5 00000000*   344 	.data.w	.LDW_37eecb0
                     345 
                     346 	.section	.debug_abbrev
00000029 31          347 	.data.b	49
0000002a 0f          348 	.data.b	15
0000002b 00          349 	.data.b	0
0000002c 1049        350 	.data.b	73,16
0000002e 0000        351 	.data.b	0,0
                     352 
                     353 	.section	.debug_info
                     354 .LDW_37bdb40:
000000c9 31          355 	.data.b	49
000000ca 00000000*   356 	.data.w	.LDW_37eec58
                     357 
                     358 .LDW_37bdbb0:

                                                                      Page 8
                                                              C:\Windows\TEMP\gh_00006co3.si
000000ce 46          359 	.data.b	70
000000cf 00000000*   360 	.data.w	.LDW_37eec00
000000d3 01          361 	.data.b	1
                     362 
                     363 	.section	.debug_abbrev
00000030 46          364 	.data.b	70
00000031 15          365 	.data.b	21
00000032 01          366 	.data.b	1
00000033 1049        367 	.data.b	73,16
00000035 0c27        368 	.data.b	39,12
00000037 0000        369 	.data.b	0,0
                     370 
                     371 	.section	.debug_info
                     372 .LDW_379fe78:
000000d4 14          373 	.data.b	20
000000d5 00000000*   374 	.data.w	.LDW_37bdb08
000000d9 00          375 	.data.b	0
                     376 
                     377 	.section	.debug_abbrev
00000039 14          378 	.data.b	20
0000003a 05          379 	.data.b	5
0000003b 00          380 	.data.b	0
0000003c 1049        381 	.data.b	73,16
0000003e 0c4b        382 	.data.b	75,12
00000040 0000        383 	.data.b	0,0
                     384 
                     385 	.section	.debug_info
                     386 .LDW_379fea8:
000000da 14          387 	.data.b	20
000000db 00000000*   388 	.data.w	.LDW_37bdb40
000000df 00          389 	.data.b	0
                     390 
000000e0 00          391 	.data.b	0
                     392 
                     393 .LDW_37be010:
000000e1 46          394 	.data.b	70
000000e2 00000000*   395 	.data.w	.LDW_37eec00
000000e6 01          396 	.data.b	1
                     397 
                     398 .LDW_379fb18:
000000e7 14          399 	.data.b	20
000000e8 00000000*   400 	.data.w	.LDW_37bdb40
000000ec 00          401 	.data.b	0
                     402 
000000ed 00          403 	.data.b	0
                     404 
                     405 .LDW_37bdb78:
000000ee 27          406 	.data.b	39
000000ef 69736e75    407 	.data.b	117,110,115,105,103,110,101,100,32,108,111,110,103,0
000000f3 64656e67 
000000f7 6e6f6c20 
000000fb 0067 
000000fd 07          408 	.data.b	7
000000fe 04          409 	.data.b	4
                     410 
                     411 .LDW_37be048:
000000ff 47          412 	.data.b	71
00000100 01          413 	.data.b	1
                     414 
                     415 	.section	.debug_abbrev
00000042 47          416 	.data.b	71

                                                                      Page 9
                                                              C:\Windows\TEMP\gh_00006co3.si
00000043 15          417 	.data.b	21
00000044 01          418 	.data.b	1
00000045 0c27        419 	.data.b	39,12
00000047 0000        420 	.data.b	0,0
                     421 
                     422 	.section	.debug_info
                     423 .LDW_37a00b8:
00000101 14          424 	.data.b	20
00000102 00000000*   425 	.data.w	.LDW_37bdb78
00000106 00          426 	.data.b	0
                     427 
00000107 00          428 	.data.b	0
                     429 
                     430 .LDW_37bdbe8:
00000108 31          431 	.data.b	49
00000109 00000000*   432 	.data.w	.LDW_37ed5b0
                     433 
                     434 .LDW_37bdc58:
0000010d 47          435 	.data.b	71
0000010e 01          436 	.data.b	1
                     437 
                     438 .LDW_37a0178:
0000010f 14          439 	.data.b	20
00000110 00000000*   440 	.data.w	.LDW_37bdbe8
00000114 00          441 	.data.b	0
                     442 
00000115 00          443 	.data.b	0
                     444 
                     445 .LDW_37bdc90:
00000116 27          446 	.data.b	39
00000117 69736e75    447 	.data.b	117,110,115,105,103,110,101,100,32,115,104,111,114,116,0
0000011b 64656e67 
0000011f 6f687320 
00000123 007472 
00000126 07          448 	.data.b	7
00000127 02          449 	.data.b	2
                     450 
                     451 .LDW_37eec58:
00000128 2a          452 	.data.b	42
00000129 45545942    453 	.data.b	66,89,84,69,0
0000012d 00 
0000012e 26          454 	.data.b	38
0000012f 19          455 	.data.b	25
00000130 02          456 	.data.b	2
00000131 00000000*   457 	.data.w	.LDW_37bdec0
                     458 
                     459 	.section	.debug_abbrev
00000049 2a          460 	.data.b	42
0000004a 16          461 	.data.b	22
0000004b 00          462 	.data.b	0
0000004c 0803        463 	.data.b	3,8
0000004e 0f3b        464 	.data.b	59,15
00000050 0f39        465 	.data.b	57,15
00000052 0f3a        466 	.data.b	58,15
00000054 1049        467 	.data.b	73,16
00000056 0000        468 	.data.b	0,0
                     469 
                     470 	.section	.debug_info
                     471 .LDW_37ed6f8:
00000135 2a          472 	.data.b	42
00000136 746e6975    473 	.data.b	117,105,110,116,56,0

                                                                      Page 10
                                                              C:\Windows\TEMP\gh_00006co3.si
0000013a 0038 
0000013c 2c          474 	.data.b	44
0000013d 19          475 	.data.b	25
0000013e 02          476 	.data.b	2
0000013f 00000000*   477 	.data.w	.LDW_37bdec0
                     478 
                     479 .LDW_37ed750:
00000143 2a          480 	.data.b	42
00000144 746e6975    481 	.data.b	117,105,110,116,49,54,0
00000148 003631 
0000014b 32          482 	.data.b	50
0000014c 1a          483 	.data.b	26
0000014d 02          484 	.data.b	2
0000014e 00000000*   485 	.data.w	.LDW_37bdc90
                     486 
                     487 .LDW_37eeba8:
00000152 30          488 	.data.b	48
00000153 00          489 	.data.b	0
00000154 3e          490 	.data.b	62
00000155 0d          491 	.data.b	13
00000156 02          492 	.data.b	2
00000157 01          493 	.data.b	1
00000158 01          494 	.data.b	1
                     495 
                     496 	.section	.debug_abbrev
00000058 30          497 	.data.b	48
00000059 04          498 	.data.b	4
0000005a 01          499 	.data.b	1
0000005b 0803        500 	.data.b	3,8
0000005d 0f3b        501 	.data.b	59,15
0000005f 0f39        502 	.data.b	57,15
00000061 0f3a        503 	.data.b	58,15
00000063 0f0b        504 	.data.b	11,15
00000065 0b32        505 	.data.b	50,11
00000067 0000        506 	.data.b	0,0
                     507 
                     508 	.section	.debug_info
                     509 .LDW_37a0ab0:
00000159 2f          510 	.data.b	47
0000015a 44454553    511 	.data.b	83,69,69,68,75,69,89,95,83,85,67,67,69,83,83,0
0000015e 5f59454b 
00000162 43435553 
00000166 00535345 
0000016a 3f          512 	.data.b	63
0000016b 03          513 	.data.b	3
0000016c 02          514 	.data.b	2
0000016d 00          515 	.data.b	0
                     516 
                     517 	.section	.debug_abbrev
00000069 2f          518 	.data.b	47
0000006a 28          519 	.data.b	40
0000006b 00          520 	.data.b	0
0000006c 0803        521 	.data.b	3,8
0000006e 0f3b        522 	.data.b	59,15
00000070 0f39        523 	.data.b	57,15
00000072 0f3a        524 	.data.b	58,15
00000074 0d1c        525 	.data.b	28,13
00000076 0000        526 	.data.b	0,0
                     527 
                     528 	.section	.debug_info
                     529 .LDW_37a0570:

                                                                      Page 11
                                                              C:\Windows\TEMP\gh_00006co3.si
0000016e 2f          530 	.data.b	47
0000016f 44454553    531 	.data.b	83,69,69,68,75,69,89,95,70,65,73,76,0
00000173 5f59454b 
00000177 4c494146 
0000017b 00 
0000017c 40          532 	.data.b	64
0000017d 03          533 	.data.b	3
0000017e 02          534 	.data.b	2
0000017f 01          535 	.data.b	1
                     536 
00000180 00          537 	.data.b	0
                     538 
                     539 .LDW_37eec00:
00000181 2a          540 	.data.b	42
00000182 44454553    541 	.data.b	83,69,69,68,75,69,89,95,82,84,0
00000186 5f59454b 
0000018a 005452 
0000018d 41          542 	.data.b	65
0000018e 03          543 	.data.b	3
0000018f 02          544 	.data.b	2
00000190 00000000*   545 	.data.w	.LDW_37eeba8
                     546 
                     547 .LDW_37ed558:
00000194 43          548 	.data.b	67
00000195 46          549 	.data.b	70
00000196 10          550 	.data.b	16
00000197 02          551 	.data.b	2
00000198 08          552 	.data.b	8
00000199 01          553 	.data.b	1
                     554 
                     555 	.section	.debug_abbrev
00000078 43          556 	.data.b	67
00000079 13          557 	.data.b	19
0000007a 01          558 	.data.b	1
0000007b 0f3b        559 	.data.b	59,15
0000007d 0f39        560 	.data.b	57,15
0000007f 0f3a        561 	.data.b	58,15
00000081 0f0b        562 	.data.b	11,15
00000083 0b32        563 	.data.b	50,11
00000085 0000        564 	.data.b	0,0
                     565 
                     566 	.section	.debug_info
                     567 .LDW_37ed7a8:
0000019a 25          568 	.data.b	37
0000019b 646e6576    569 	.data.b	118,101,110,100,111,114,73,68,0
0000019f 4449726f 
000001a3 00 
000001a4 47          570 	.data.b	71
000001a5 0a          571 	.data.b	10
000001a6 02          572 	.data.b	2
000001a7 00000000*   573 	.data.w	.LDW_37ed750
000001ab 2302        574 	.data.b	2,35
000001ad 00          575 	.data.b	0
000001ae 01          576 	.data.b	1
                     577 
                     578 	.section	.debug_abbrev
00000087 25          579 	.data.b	37
00000088 0d          580 	.data.b	13
00000089 00          581 	.data.b	0
0000008a 0803        582 	.data.b	3,8
0000008c 0f3b        583 	.data.b	59,15

                                                                      Page 12
                                                              C:\Windows\TEMP\gh_00006co3.si
0000008e 0f39        584 	.data.b	57,15
00000090 0f3a        585 	.data.b	58,15
00000092 1049        586 	.data.b	73,16
00000094 0a38        587 	.data.b	56,10
00000096 0b32        588 	.data.b	50,11
00000098 0000        589 	.data.b	0,0
                     590 
                     591 	.section	.debug_info
                     592 .LDW_37ed7f0:
000001af 25          593 	.data.b	37
000001b0 75646f6d    594 	.data.b	109,111,100,117,108,101,73,68,0
000001b4 4449656c 
000001b8 00 
000001b9 48          595 	.data.b	72
000001ba 0a          596 	.data.b	10
000001bb 02          597 	.data.b	2
000001bc 00000000*   598 	.data.w	.LDW_37ed750
000001c0 2302        599 	.data.b	2,35
000001c2 02          600 	.data.b	2
000001c3 01          601 	.data.b	1
                     602 
                     603 .LDW_37ed838:
000001c4 25          604 	.data.b	37
000001c5 6f6a616d    605 	.data.b	109,97,106,111,114,86,101,114,115,105,111,110,0
000001c9 72655672 
000001cd 6e6f6973 
000001d1 00 
000001d2 49          606 	.data.b	73
000001d3 09          607 	.data.b	9
000001d4 02          608 	.data.b	2
000001d5 00000000*   609 	.data.w	.LDW_37ed6f8
000001d9 2302        610 	.data.b	2,35
000001db 04          611 	.data.b	4
000001dc 01          612 	.data.b	1
                     613 
                     614 .LDW_49d3110:
000001dd 25          615 	.data.b	37
000001de 6f6e696d    616 	.data.b	109,105,110,111,114,86,101,114,115,105,111,110,0
000001e2 72655672 
000001e6 6e6f6973 
000001ea 00 
000001eb 4a          617 	.data.b	74
000001ec 09          618 	.data.b	9
000001ed 02          619 	.data.b	2
000001ee 00000000*   620 	.data.w	.LDW_37ed6f8
000001f2 2302        621 	.data.b	2,35
000001f4 05          622 	.data.b	5
000001f5 01          623 	.data.b	1
                     624 
                     625 .LDW_49d35d8:
000001f6 25          626 	.data.b	37
000001f7 63746170    627 	.data.b	112,97,116,99,104,86,101,114,115,105,111,110,0
000001fb 72655668 
000001ff 6e6f6973 
00000203 00 
00000204 4b          628 	.data.b	75
00000205 09          629 	.data.b	9
00000206 02          630 	.data.b	2
00000207 00000000*   631 	.data.w	.LDW_37ed6f8
0000020b 2302        632 	.data.b	2,35
0000020d 06          633 	.data.b	6

                                                                      Page 13
                                                              C:\Windows\TEMP\gh_00006co3.si
0000020e 01          634 	.data.b	1
                     635 
0000020f 00          636 	.data.b	0
                     637 
                     638 .LDW_37ed5b0:
00000210 2a          639 	.data.b	42
00000211 53524556    640 	.data.b	86,69,82,83,73,79,78,95,73,78,70,79,0
00000215 5f4e4f49 
00000219 4f464e49 
0000021d 00 
0000021e 4c          641 	.data.b	76
0000021f 03          642 	.data.b	3
00000220 02          643 	.data.b	2
00000221 00000000*   644 	.data.w	.LDW_37ed558
                     645 
                     646 .LDW_37eed08:
00000225 16          647 	.data.b	22
00000226 5f4b5341    648 	.data.b	65,83,75,95,75,101,121,71,101,110,101,114,97,116,101,0
0000022a 4779654b 
0000022e 72656e65 
00000232 00657461 
00000236 24          649 	.data.b	36
00000237 0c          650 	.data.b	12
00000238 01          651 	.data.b	1
00000239 00000000*   652 	.data.w	.LDW_37eec00
0000023d 00000000*   653 	.data.w	ASK_KeyGenerate
00000241 00000000*   654 	.data.w	__ghs_eofn_ASK_KeyGenerate
00000245 5d01        655 	.data.b	1,93
00000247 00          656 	.data.b	0
00000248 04          657 	.data.b	4
00000249 00          658 	.data.b	0
0000024a 7c          659 	.data.b	124
0000024b 01          660 	.data.b	1
0000024c 00          661 	.data.b	0
0000024d 00          662 	.data.b	0
0000024e 01          663 	.data.b	1
0000024f 01          664 	.data.b	1
00000250 00          665 	.data.b	0
00000251 01          666 	.data.b	1
                     667 
                     668 	.section	.debug_abbrev
0000009a 16          669 	.data.b	22
0000009b 2e          670 	.data.b	46
0000009c 01          671 	.data.b	1
0000009d 0803        672 	.data.b	3,8
0000009f 0f3b        673 	.data.b	59,15
000000a1 0f39        674 	.data.b	57,15
000000a3 0f3a        675 	.data.b	58,15
000000a5 1049        676 	.data.b	73,16
000000a7 0111        677 	.data.b	17,1
000000a9 0112        678 	.data.b	18,1
000000ab 0a40        679 	.data.b	64,10
000000ad 4183        680 	.data.b	131,65
000000af 0f          681 	.data.b	15
000000b0 4187        682 	.data.b	135,65
000000b2 0d          683 	.data.b	13
000000b3 4185        684 	.data.b	133,65
000000b5 0f          685 	.data.b	15
000000b6 4186        686 	.data.b	134,65
000000b8 0d          687 	.data.b	13
000000b9 4192        688 	.data.b	146,65

                                                                      Page 14
                                                              C:\Windows\TEMP\gh_00006co3.si
000000bb 0f          689 	.data.b	15
000000bc 0c3c        690 	.data.b	60,12
000000be 0b20        691 	.data.b	32,11
000000c0 0c3f        692 	.data.b	63,12
000000c2 0b32        693 	.data.b	50,11
000000c4 0b4c        694 	.data.b	76,11
000000c6 0c27        695 	.data.b	39,12
000000c8 0000        696 	.data.b	0,0
                     697 
                     698 	.section	.debug_frame
                     699 .LDW_4ab0268:
00000090 00000000*   700 	.data.w	.LDW_unq_4-.LDW_unq_3
                     701 .LDW_unq_3:
00000094 00000000*   702 	.data.w	.LDW_37ec358
00000098 00000000*   703 	.data.w	ASK_KeyGenerate
0000009c 00000004    704 	.data.w	__ghs_eofn_ASK_KeyGenerate-ASK_KeyGenerate
000000a0 01          705 	.data.b	1
000000a1 00000000*   706 	.data.w	.LDW11
000000a5 00          707 	.data.b	0
000000a6 00          708 	.data.b	0
000000a7 00          709 	.data.b	0
                     710 .LDW_unq_4:
                     711 	.section	.debug_line
0000007c 020500      712 	.data.b	0,5,2
0000007f 00000000*   713 	.data.w	ASK_KeyGenerate
00000083 06          714 	.data.b	6
00000084 03          715 	.data.b	3
00000085 25          716 	.data.b	37
00000086 02          717 	.data.b	2
00000087 00          718 	.data.b	0
00000088 01          719 	.data.b	1
00000089 06          720 	.data.b	6
0000008a 02          721 	.data.b	2
0000008b 02          722 	.data.b	2
0000008c 02          723 	.data.b	2
0000008d 02          724 	.data.b	2
0000008e 010100      725 	.data.b	0,1,1
                     726 	.section	.debug_info
                     727 .LDW_37eeda0:
00000252 11          728 	.data.b	17
00000253 64656573    729 	.data.b	115,101,101,100,95,98,117,102,102,101,114,95,56,98,121,116,101,0
00000257 6675625f 
0000025b 5f726566 
0000025f 74796238 
00000263 0065 
00000265 24          730 	.data.b	36
00000266 28          731 	.data.b	40
00000267 01          732 	.data.b	1
00000268 00000000*   733 	.data.w	.LDW_37bdb08
0000026c 00          734 	.data.b	0
0000026d 5001        735 	.data.b	1,80
                     736 
                     737 	.section	.debug_abbrev
000000ca 11          738 	.data.b	17
000000cb 05          739 	.data.b	5
000000cc 00          740 	.data.b	0
000000cd 0803        741 	.data.b	3,8
000000cf 0f3b        742 	.data.b	59,15
000000d1 0f39        743 	.data.b	57,15
000000d3 0f3a        744 	.data.b	58,15
000000d5 1049        745 	.data.b	73,16

                                                                      Page 15
                                                              C:\Windows\TEMP\gh_00006co3.si
000000d7 0c4b        746 	.data.b	75,12
000000d9 0a02        747 	.data.b	2,10
000000db 0000        748 	.data.b	0,0
                     749 
                     750 	.section	.debug_info
                     751 .LDW_37eedf8:
0000026f 11          752 	.data.b	17
00000270 5f79656b    753 	.data.b	107,101,121,95,98,117,102,102,101,114,95,56,98,121,116,101,0
00000274 66667562 
00000278 385f7265 
0000027c 65747962 
00000280 00 
00000281 24          754 	.data.b	36
00000282 41          755 	.data.b	65
00000283 01          756 	.data.b	1
00000284 00000000*   757 	.data.w	.LDW_37bdb40
00000288 00          758 	.data.b	0
00000289 5101        759 	.data.b	1,81
                     760 
                     761 .LDW_379fae8:
0000028b 1f          762 	.data.b	31
0000028c 00000000*   763 	.data.w	.LDW01
00000290 00000000*   764 	.data.w	.LDW11
                     765 
                     766 	.section	.debug_abbrev
000000dd 1f          767 	.data.b	31
000000de 0b          768 	.data.b	11
000000df 01          769 	.data.b	1
000000e0 0111        770 	.data.b	17,1
000000e2 0112        771 	.data.b	18,1
000000e4 0000        772 	.data.b	0,0
                     773 
                     774 	.section	.debug_info
00000294 00          775 	.data.b	0
                     776 
00000295 00          777 	.data.b	0
                     778 
                     779 .LDW_37eee50:
00000296 16          780 	.data.b	22
00000297 5f4b5341    781 	.data.b	65,83,75,95,82,97,110,100,56,66,121,116,101,71,101,110,101,114,97,116,101,0
0000029b 646e6152 
0000029f 74794238 
000002a3 6e654765 
000002a7 74617265 
000002ab 0065 
000002ad 29          782 	.data.b	41
000002ae 0c          783 	.data.b	12
000002af 01          784 	.data.b	1
000002b0 00000000*   785 	.data.w	.LDW_37eec00
000002b4 00000000*   786 	.data.w	ASK_Rand8ByteGenerate
000002b8 00000000*   787 	.data.w	__ghs_eofn_ASK_Rand8ByteGenerate
000002bc 5d01        788 	.data.b	1,93
000002be 00          789 	.data.b	0
000002bf 04          790 	.data.b	4
000002c0 00          791 	.data.b	0
000002c1 7c          792 	.data.b	124
000002c2 01          793 	.data.b	1
000002c3 00          794 	.data.b	0
000002c4 00          795 	.data.b	0
000002c5 01          796 	.data.b	1
000002c6 01          797 	.data.b	1

                                                                      Page 16
                                                              C:\Windows\TEMP\gh_00006co3.si
000002c7 00          798 	.data.b	0
000002c8 01          799 	.data.b	1
                     800 
                     801 	.section	.debug_frame
                     802 .LDW_4aaffa8:
000000a8 00000000*   803 	.data.w	.LDW_unq_6-.LDW_unq_5
                     804 .LDW_unq_5:
000000ac 00000000*   805 	.data.w	.LDW_37ec358
000000b0 00000000*   806 	.data.w	ASK_Rand8ByteGenerate
000000b4 00000004    807 	.data.w	__ghs_eofn_ASK_Rand8ByteGenerate-ASK_Rand8ByteGenerate
000000b8 01          808 	.data.b	1
000000b9 00000000*   809 	.data.w	.LDW31
000000bd 00          810 	.data.b	0
000000be 00          811 	.data.b	0
000000bf 00          812 	.data.b	0
                     813 .LDW_unq_6:
                     814 	.section	.debug_line
00000091 020500      815 	.data.b	0,5,2
00000094 00000000*   816 	.data.w	ASK_Rand8ByteGenerate
00000098 06          817 	.data.b	6
00000099 03          818 	.data.b	3
0000009a 2a          819 	.data.b	42
0000009b 02          820 	.data.b	2
0000009c 00          821 	.data.b	0
0000009d 01          822 	.data.b	1
0000009e 06          823 	.data.b	6
0000009f 02          824 	.data.b	2
000000a0 02          825 	.data.b	2
000000a1 02          826 	.data.b	2
000000a2 02          827 	.data.b	2
000000a3 010100      828 	.data.b	0,1,1
                     829 	.section	.debug_info
                     830 .LDW_37eeee8:
000002c9 11          831 	.data.b	17
000002ca 64656573    832 	.data.b	115,101,101,100,95,98,117,102,102,101,114,95,56,98,121,116,101,0
000002ce 6675625f 
000002d2 5f726566 
000002d6 74796238 
000002da 0065 
000002dc 29          833 	.data.b	41
000002dd 28          834 	.data.b	40
000002de 01          835 	.data.b	1
000002df 00000000*   836 	.data.w	.LDW_37bdb40
000002e3 00          837 	.data.b	0
000002e4 5001        838 	.data.b	1,80
                     839 
                     840 .LDW_379fba8:
000002e6 1f          841 	.data.b	31
000002e7 00000000*   842 	.data.w	.LDW21
000002eb 00000000*   843 	.data.w	.LDW31
                     844 
000002ef 00          845 	.data.b	0
                     846 
000002f0 00          847 	.data.b	0
                     848 
                     849 .LDW_37eef40:
000002f1 15          850 	.data.b	21
000002f2 5f4b5341    851 	.data.b	65,83,75,95,82,97,110,100,73,110,105,116,0
000002f6 646e6152 
000002fa 74696e49 
000002fe 00 

                                                                      Page 17
                                                              C:\Windows\TEMP\gh_00006co3.si
000002ff 2e          852 	.data.b	46
00000300 06          853 	.data.b	6
00000301 01          854 	.data.b	1
00000302 00000000*   855 	.data.w	ASK_RandInit
00000306 00000000*   856 	.data.w	__ghs_eofn_ASK_RandInit
0000030a 5d01        857 	.data.b	1,93
0000030c 00          858 	.data.b	0
0000030d 04          859 	.data.b	4
0000030e 00          860 	.data.b	0
0000030f 7c          861 	.data.b	124
00000310 01          862 	.data.b	1
00000311 00          863 	.data.b	0
00000312 00          864 	.data.b	0
00000313 01          865 	.data.b	1
00000314 01          866 	.data.b	1
00000315 00          867 	.data.b	0
00000316 01          868 	.data.b	1
                     869 
                     870 	.section	.debug_abbrev
000000e6 15          871 	.data.b	21
000000e7 2e          872 	.data.b	46
000000e8 01          873 	.data.b	1
000000e9 0803        874 	.data.b	3,8
000000eb 0f3b        875 	.data.b	59,15
000000ed 0f39        876 	.data.b	57,15
000000ef 0f3a        877 	.data.b	58,15
000000f1 0111        878 	.data.b	17,1
000000f3 0112        879 	.data.b	18,1
000000f5 0a40        880 	.data.b	64,10
000000f7 4183        881 	.data.b	131,65
000000f9 0f          882 	.data.b	15
000000fa 4187        883 	.data.b	135,65
000000fc 0d          884 	.data.b	13
000000fd 4185        885 	.data.b	133,65
000000ff 0f          886 	.data.b	15
00000100 4186        887 	.data.b	134,65
00000102 0d          888 	.data.b	13
00000103 4192        889 	.data.b	146,65
00000105 0f          890 	.data.b	15
00000106 0c3c        891 	.data.b	60,12
00000108 0b20        892 	.data.b	32,11
0000010a 0c3f        893 	.data.b	63,12
0000010c 0b32        894 	.data.b	50,11
0000010e 0b4c        895 	.data.b	76,11
00000110 0c27        896 	.data.b	39,12
00000112 0000        897 	.data.b	0,0
                     898 
                     899 	.section	.debug_frame
                     900 .LDW_4ab05a8:
000000c0 00000000*   901 	.data.w	.LDW_unq_8-.LDW_unq_7
                     902 .LDW_unq_7:
000000c4 00000000*   903 	.data.w	.LDW_37ec358
000000c8 00000000*   904 	.data.w	ASK_RandInit
000000cc 00000002    905 	.data.w	__ghs_eofn_ASK_RandInit-ASK_RandInit
000000d0 01          906 	.data.b	1
000000d1 00000000*   907 	.data.w	.LDW51
000000d5 00          908 	.data.b	0
000000d6 00          909 	.data.b	0
000000d7 00          910 	.data.b	0
                     911 .LDW_unq_8:
                     912 	.section	.debug_line

                                                                      Page 18
                                                              C:\Windows\TEMP\gh_00006co3.si
000000a6 020500      913 	.data.b	0,5,2
000000a9 00000000*   914 	.data.w	ASK_RandInit
000000ad 06          915 	.data.b	6
000000ae 03          916 	.data.b	3
000000af 2f          917 	.data.b	47
000000b0 02          918 	.data.b	2
000000b1 00          919 	.data.b	0
000000b2 01          920 	.data.b	1
000000b3 02          921 	.data.b	2
000000b4 02          922 	.data.b	2
000000b5 010100      923 	.data.b	0,1,1
                     924 	.section	.debug_info
                     925 .LDW_37ed500:
00000317 11          926 	.data.b	17
00000318 646e6172    927 	.data.b	114,97,110,100,95,115,101,101,100,0
0000031c 6565735f 
00000320 0064 
00000322 2e          928 	.data.b	46
00000323 21          929 	.data.b	33
00000324 01          930 	.data.b	1
00000325 00000000*   931 	.data.w	.LDW_37bdb78
00000329 00          932 	.data.b	0
0000032a 5001        933 	.data.b	1,80
                     934 
                     935 .LDW_37a0208:
0000032c 1f          936 	.data.b	31
0000032d 00000000*   937 	.data.w	.LDW41
00000331 00000000*   938 	.data.w	.LDW51
                     939 
00000335 00          940 	.data.b	0
                     941 
00000336 00          942 	.data.b	0
                     943 
                     944 .LDW_37ed608:
00000337 15          945 	.data.b	21
00000338 74654776    946 	.data.b	118,71,101,116,86,101,114,115,105,111,110,73,110,102,111,0
0000033c 73726556 
00000340 496e6f69 
00000344 006f666e 
00000348 32          947 	.data.b	50
00000349 06          948 	.data.b	6
0000034a 01          949 	.data.b	1
0000034b 00000000*   950 	.data.w	vGetVersionInfo
0000034f 00000000*   951 	.data.w	__ghs_eofn_vGetVersionInfo
00000353 5d01        952 	.data.b	1,93
00000355 00          953 	.data.b	0
00000356 04          954 	.data.b	4
00000357 00          955 	.data.b	0
00000358 7c          956 	.data.b	124
00000359 01          957 	.data.b	1
0000035a 00          958 	.data.b	0
0000035b 00          959 	.data.b	0
0000035c 01          960 	.data.b	1
0000035d 01          961 	.data.b	1
0000035e 00          962 	.data.b	0
0000035f 01          963 	.data.b	1
                     964 
                     965 	.section	.debug_frame
                     966 .LDW_4ab0328:
000000d8 00000000*   967 	.data.w	.LDW_unq_a-.LDW_unq_9
                     968 .LDW_unq_9:

                                                                      Page 19
                                                              C:\Windows\TEMP\gh_00006co3.si
000000dc 00000000*   969 	.data.w	.LDW_37ec358
000000e0 00000000*   970 	.data.w	vGetVersionInfo
000000e4 00000002    971 	.data.w	__ghs_eofn_vGetVersionInfo-vGetVersionInfo
000000e8 01          972 	.data.b	1
000000e9 00000000*   973 	.data.w	.LDW71
000000ed 00          974 	.data.b	0
000000ee 00          975 	.data.b	0
000000ef 00          976 	.data.b	0
                     977 .LDW_unq_a:
                     978 	.section	.debug_line
000000b8 020500      979 	.data.b	0,5,2
000000bb 00000000*   980 	.data.w	vGetVersionInfo
000000bf 06          981 	.data.b	6
000000c0 03          982 	.data.b	3
000000c1 33          983 	.data.b	51
000000c2 02          984 	.data.b	2
000000c3 00          985 	.data.b	0
000000c4 01          986 	.data.b	1
000000c5 02          987 	.data.b	2
000000c6 02          988 	.data.b	2
000000c7 010100      989 	.data.b	0,1,1
                     990 	.section	.debug_info
                     991 .LDW_37ed6a0:
00000360 11          992 	.data.b	17
00000361 72655670    993 	.data.b	112,86,101,114,115,105,111,110,73,110,102,111,0
00000365 6e6f6973 
00000369 6f666e49 
0000036d 00 
0000036e 32          994 	.data.b	50
0000036f 24          995 	.data.b	36
00000370 01          996 	.data.b	1
00000371 00000000*   997 	.data.w	.LDW_37bdbe8
00000375 00          998 	.data.b	0
00000376 5001        999 	.data.b	1,80
                    1000 
                    1001 .LDW_37a01a8:
00000378 1f         1002 	.data.b	31
00000379 00000000*  1003 	.data.w	.LDW61
0000037d 00000000*  1004 	.data.w	.LDW71
                    1005 
00000381 00         1006 	.data.b	0
                    1007 
00000382 00         1008 	.data.b	0
                    1009 
00000383 00         1010 	.data.b	0
                    1011 
                    1012 	.section	.debug_line
                    1013 .Ldw_line_end:
                    1014 	.section	.debug_macinfo
00000000 03         1015 	.data.b	3
00000001 00         1016 	.data.b	0
00000002 01         1017 	.data.b	1
00000003 03         1018 	.data.b	3
00000004 1d         1019 	.data.b	29
00000005 02         1020 	.data.b	2
00000006 04         1021 	.data.b	4
00000007 04         1022 	.data.b	4
00000008 00         1023 	.data.b	0
                    1024 	.section	.debug_abbrev
00000114 00         1025 	.data.b	0
                    1026 	.section	.debug_info

                                                                      Page 20
                                                              C:\Windows\TEMP\gh_00006co3.si
                    1027 .Ldw_end:
