                                                                      Page 1
                                                              C:\Windows\TEMP\gh_00008nk3.si
Command Line: D:\ts_mirr\gh\ARM.V2017.1.4\comp_201714\asarm.exe -elf -b0 -I. -ICryptoLib/DummyCrypto/usercode -IFBL/FBL_Output/inc -IFBL/Integration_Code/integration_FBL_F/fixedcode -IFBL/Integration_Code/integration_FBL_F/usercode -IFBL/Integration_Code/integration_FBL_F/usercode/infineon_ucb/TC3XX -IFBL/Modules/b_autosar_cdd_FBL_common/delivery/aut_hsm -IFBL/Modules/b_autosar_cdd_FBL_common/delivery/btl -IFBL/Modules/b_autosar_cdd_FBL_common/delivery/comm -IFBL/Modules/b_autosar_cdd_FBL_common/delivery/diag -IFBL/Modules/b_autosar_cdd_FBL_common/delivery/mem -IFBL/Modules/b_autosar_cdd_FBL_common/delivery/misc -IFBL/Modules/b_autosar_cdd_FBL_common/delivery/sec -IFBL/Modules/b_autosar_cdd_FBL_cytxxx/delivery -IFBL/Modules/b_autosar_cdd_FBL_cytxxx/delivery/ip/CYT2B7 -IFBL/Modules/b_autosar_cdd_FBL_cytxxx/delivery/ip/CYT2B9 -IFBL/Modules/b_autosar_cdd_FBL_cytxxx/delivery/ip/CYT2BL -IFBL/Modules/b_autosar_cdd_FBL_cytxxx/delivery/ip/CYT3BB -IFBL/Modules/b_autosar_cdd_FBL_cytxxx/delivery/ip/CYT4BB -IFBL/Modules/b_autosar_cdd_FBL_cytxxx/delivery/ip/CYT4BF -Iinc -ID:\ts_mirr\gh\ARM.V2017.1.4\comp_201714\lib\thumb2 -cpu=cortexm4f -fpu=vfpv3_d16 -fpu=single -patch_dbo=C:\Working\AUTOSAR\WPC\01_SWP_Backup\ksn_backup\e_ka4_pe_wpc_v200_220519_1\FBL\Debug_FBL\CryptoLib\DummyCrypto\usercode\Dummy_HaeSFM2.dbo -source=Dummy_HaeSFM2.c -o FBL\Debug_FBL\CryptoLib\DummyCrypto\usercode\gh_00008nk3.o -list=FBL/Debug_FBL/CryptoLib/DummyCrypto/usercode/Dummy_HaeSFM2.lst C:\Windows\TEMP\gh_00008nk3.si 
Original File: C:\Windows\TEMP\gh_00008nk3.si
Source File: Dummy_HaeSFM2.c
Directory: C:\Working\AUTOSAR\WPC\01_SWP_Backup\ksn_backup\e_ka4_pe_wpc_v200_220519_1
Host OS: Windows
EASE: Copyright (C) 1983-2016 Green Hills Software.  All Rights Reserved.
Release: Compiler v2017.1.4
Build Directory: [Directory] COMP-VAL-WIN47:l:/compiler/release-branch-2017-1-comp/build/v2017.1-2017-04-09/win32-comp-ecom
Revision: [VCInfo] http://toolsvc/branches/release-branch-2017-1-comp/src@589570 (built by auto-compiler)
Revision Date: Mon Apr 10 11:52:57 2017

Release Date: Mon Apr 10 09:00:05 2017

                       1 ;Driver Command: ccarm -o
                       2 ;		FBL/Debug_FBL/CryptoLib/DummyCrypto/usercode/Dummy_HaeSFM2.o
                       3 ;		-D__GHS__ --no_alternative_tokens --no_commons --prototype_errors
                       4 ;		--short_enum -DCPU_BOARD_REVC -DCYT2B98CAE -DCY_USE_PSVP=0
                       5 ;		-D__ghs__ -Dcyt2b9 -Dtviibe2m -G -OI -Ointerproc -Olink -Omax
                       6 ;		-Ospeed -Wformat -Wimplicit-int -Wshadow -Wtrigraphs -Wundef
                       7 ;		-align4 -asm3g -c -cpu=cortexm4f -dwarf2 -fsingle
                       8 ;		-globalcheck=normal -globalcheck_qualifiers -list -nostartfiles
                       9 ;		-preprocess_assembly_files -reject_duplicates -thumb -thumb_lib
                      10 ;		--gnu_asm -D__cortexm4__ -DFLASH_START -DGHS -DIN_BOOT
                      11 ;		-D_GHS_C_ARM_ -D__EDG__ -DDISABLE_MCAL_INTERMODULE_ASR_CHECK -I.
                      12 ;		-ICryptoLib/DummyCrypto/usercode -IFBL/FBL_Output/inc
                      13 ;		-IFBL/Integration_Code/integration_FBL_F/fixedcode
                      14 ;		-IFBL/Integration_Code/integration_FBL_F/usercode
                      15 ;		-IFBL/Integration_Code/integration_FBL_F/usercode/infineon_ucb/TC3XX
                      16 ;		-IFBL/Modules/b_autosar_cdd_FBL_common/delivery/aut_hsm
                      17 ;		-IFBL/Modules/b_autosar_cdd_FBL_common/delivery/btl
                      18 ;		-IFBL/Modules/b_autosar_cdd_FBL_common/delivery/comm
                      19 ;		-IFBL/Modules/b_autosar_cdd_FBL_common/delivery/diag
                      20 ;		-IFBL/Modules/b_autosar_cdd_FBL_common/delivery/mem
                      21 ;		-IFBL/Modules/b_autosar_cdd_FBL_common/delivery/misc
                      22 ;		-IFBL/Modules/b_autosar_cdd_FBL_common/delivery/sec
                      23 ;		-IFBL/Modules/b_autosar_cdd_FBL_cytxxx/delivery
                      24 ;		-IFBL/Modules/b_autosar_cdd_FBL_cytxxx/delivery/ip/CYT2B7
                      25 ;		-IFBL/Modules/b_autosar_cdd_FBL_cytxxx/delivery/ip/CYT2B9
                      26 ;		-IFBL/Modules/b_autosar_cdd_FBL_cytxxx/delivery/ip/CYT2BL
                      27 ;		-IFBL/Modules/b_autosar_cdd_FBL_cytxxx/delivery/ip/CYT3BB
                      28 ;		-IFBL/Modules/b_autosar_cdd_FBL_cytxxx/delivery/ip/CYT4BB
                      29 ;		-IFBL/Modules/b_autosar_cdd_FBL_cytxxx/delivery/ip/CYT4BF -Iinc
                      30 ;		CryptoLib/DummyCrypto/usercode/Dummy_HaeSFM2.c
                      31 ;Source File:   CryptoLib/DummyCrypto/usercode/Dummy_HaeSFM2.c
                      32 ;Directory:     
                      33 ;		C:\Working\AUTOSAR\WPC\01_SWP_Backup\ksn_backup\e_ka4_pe_wpc_v200_220519_1
                      34 ;Compile Date:  Wed May 25 13:50:59 2022
                      35 ;Host OS:       Win32
                      36 ;Version:       C-ARM 2017.1.4 RELEASE VERSION
                      37 ;Release:       Compiler v2017.1.4
                      38 ;Revision Date: Tue Apr 11 02:37:22 2017
                      39 ;Release Date:  Mon Apr 10 09:00:05 2017
                      40 ; ecom  -g -w -OLM
                      41 	.text
                      42 ..bof.C.3A.5CWorking.5CAUTOSAR.5CWPC.5C01_SWP_Backup.5Cksn_backup.5Ce_ka4_pe_wpc_v200_220519_1.5CFBL.5CDebug_FBL.5CCryptoLib.5CDummyCrypto.5Cusercode.5CDummy_HaeSFM2...43.3A.5CWorking.5CAUTOSAR.5CWPC.5C01_SWP_Backup.5Cksn_backup.5Ce_ka4_pe_wpc_v200_220519_1..628DB5B3..0::
                      43 	.align	2
                      44 ..gh.f.f.1.a.1.e.0:
                      45 	.endo	..gh.f.f.1.a.1.e.0
                      46 	.thumb2
                      47 SecureFlash_DecryptStart::
                      48 .LDW01:
00000000 2001         49 	movs	r0,1
                      50 .LDW11:

                                                                      Page 2
                                                              C:\Windows\TEMP\gh_00008nk3.si
00000002 4770         51 	ret
                      52 __ghs_eofn_SecureFlash_DecryptStart::
                      53 	.endf	SecureFlash_DecryptStart
                      54 
                      55 ;iv	none	param
                      56 ;decKey	none	param
                      57 ;decKeyLen	none	param
                      58 ;macOfDecKey	none	param
                      59 ;macKey	none	param
                      60 ;macKeyLen	none	param
                      61 
                      62 	.section ".bss","awb"
                      63 .L48:
                      64 	.endo	.L48
                      65 	.text
                      66 ..gh.f.f.1.a.1.e.1:
                      67 	.endo	..gh.f.f.1.a.1.e.1
                      68 SecureFlash_DecryptUpdate::
                      69 .LDW21:
00000004 2001         70 	movs	r0,1
                      71 .LDW31:
00000006 4770         72 	ret
                      73 __ghs_eofn_SecureFlash_DecryptUpdate::
                      74 	.endf	SecureFlash_DecryptUpdate
                      75 
                      76 ;out	none	param
                      77 ;in	none	param
                      78 ;inLen	none	param
                      79 
                      80 	.section ".bss","awb"
                      81 .L112:
                      82 	.endo	.L112
                      83 	.text
                      84 ..gh.f.f.1.a.1.e.2:
                      85 	.endo	..gh.f.f.1.a.1.e.2
                      86 SecureFlash_DecryptFinish::
                      87 .LDW41:
00000008 2001         88 	movs	r0,1
                      89 .LDW51:
0000000a 4770         90 	ret
                      91 __ghs_eofn_SecureFlash_DecryptFinish::
                      92 	.endf	SecureFlash_DecryptFinish
                      93 
                      94 ;totalLen	none	param
                      95 
                      96 	.section ".bss","awb"
                      97 .L176:
                      98 	.endo	.L176
                      99 	.text
                     100 ..gh.f.f.1.a.1.e.3:
                     101 	.endo	..gh.f.f.1.a.1.e.3
                     102 SecureFlash_VerifyStart::
                     103 .LDW61:
0000000c 2001        104 	movs	r0,1
                     105 .LDW71:
0000000e 4770        106 	ret
                     107 __ghs_eofn_SecureFlash_VerifyStart::
                     108 	.endf	SecureFlash_VerifyStart
                     109 
                     110 	.section ".bss","awb"
                     111 .L240:

                                                                      Page 3
                                                              C:\Windows\TEMP\gh_00008nk3.si
                     112 	.endo	.L240
                     113 	.text
                     114 ..gh.f.f.1.a.1.e.4:
                     115 	.endo	..gh.f.f.1.a.1.e.4
                     116 SecureFlash_VerifyUpdate::
                     117 .LDW81:
00000010 2001        118 	movs	r0,1
                     119 .LDW91:
00000012 4770        120 	ret
                     121 __ghs_eofn_SecureFlash_VerifyUpdate::
                     122 	.endf	SecureFlash_VerifyUpdate
                     123 
                     124 ;payload	none	param
                     125 ;length	none	param
                     126 
                     127 	.section ".bss","awb"
                     128 .L304:
                     129 	.endo	.L304
                     130 	.text
                     131 ..gh.f.f.1.a.1.e.5:
                     132 	.endo	..gh.f.f.1.a.1.e.5
                     133 SecureFlash_VerifyFinish::
                     134 .LDW02:
00000014 2001        135 	movs	r0,1
                     136 .LDW12:
00000016 4770        137 	ret
                     138 __ghs_eofn_SecureFlash_VerifyFinish::
                     139 	.endf	SecureFlash_VerifyFinish
                     140 
                     141 ;pubKey	none	param
                     142 ;sigBuff	none	param
                     143 
                     144 	.section ".bss","awb"
                     145 .L368:
                     146 	.endo	.L368
                     147 	.text
                     148 ..gh.f.f.1.a.1.e.6:
                     149 	.endo	..gh.f.f.1.a.1.e.6
                     150 SecureFlash_GetVersionInfo::
                     151 .LDW22:
00000018 2000        152 	movs	r0,0
                     153 .LDW32:
0000001a 4770        154 	ret
                     155 __ghs_eofn_SecureFlash_GetVersionInfo::
                     156 	.endf	SecureFlash_GetVersionInfo
                     157 
                     158 	.section ".bss","awb"
                     159 .L432:
                     160 	.endo	.L432
                     161 	.text
                     162 ..gh.f.f.1.a.1.e.7:
                     163 	.endo	..gh.f.f.1.a.1.e.7
                     164 SecureFlash_SetCallback::
                     165 .LDW42:
0000001c 2001        166 	movs	r0,1
                     167 .LDW52:
0000001e 4770        168 	ret
                     169 __ghs_eofn_SecureFlash_SetCallback::
                     170 	.endf	SecureFlash_SetCallback
                     171 
                     172 ;cbFunc	none	param

                                                                      Page 4
                                                              C:\Windows\TEMP\gh_00008nk3.si
                     173 
                     174 	.section ".bss","awb"
                     175 .L496:
                     176 	.endo	.L496
                     177 	.text
                     178 
                     179 	.ghsnote info, 19, 3, 640
                     180 	.align	2
                     181 ..eof.C.3A.5CWorking.5CAUTOSAR.5CWPC.5C01_SWP_Backup.5Cksn_backup.5Ce_ka4_pe_wpc_v200_220519_1.5CFBL.5CDebug_FBL.5CCryptoLib.5CDummyCrypto.5Cusercode.5CDummy_HaeSFM2...43.3A.5CWorking.5CAUTOSAR.5CWPC.5C01_SWP_Backup.5Cksn_backup.5Ce_ka4_pe_wpc_v200_220519_1..628DB5B3..0::
                     182 	.section	.debug_info
                     183 .Ldw_begin:
00000000 00000000*   184 	.data.w	.Ldw_end-.Ldw_begin-4
00000004 0002        185 	.data.b	2,0
00000006 00000000*   186 	.data.w	.Ldw_abbr_begin
0000000a 04          187 	.data.b	4
                     188 	.section	.debug_abbrev
                     189 .Ldw_abbr_begin:
                     190 	.section	.debug_info
0000000b 01          191 	.data.b	1
0000000c 00000000*   192 	.data.w	..bof.C.3A.5CWorking.5CAUTOSAR.5CWPC.5C01_SWP_Backup.5Cksn_backup.5Ce_ka4_pe_wpc_v200_220519_1.5CFBL.5CDebug_FBL.5CCryptoLib.5CDummyCrypto.5Cusercode.5CDummy_HaeSFM2...43.3A.5CWorking.5CAUTOSAR.5CWPC.5C01_SWP_Backup.5Cksn_backup.5Ce_ka4_pe_wpc_v200_220519_1..628DB5B3..0
00000010 00000000*   193 	.data.w	..eof.C.3A.5CWorking.5CAUTOSAR.5CWPC.5C01_SWP_Backup.5Cksn_backup.5Ce_ka4_pe_wpc_v200_220519_1.5CFBL.5CDebug_FBL.5CCryptoLib.5CDummyCrypto.5Cusercode.5CDummy_HaeSFM2...43.3A.5CWorking.5CAUTOSAR.5CWPC.5C01_SWP_Backup.5Cksn_backup.5Ce_ka4_pe_wpc_v200_220519_1..628DB5B3..0
00000014 70797243    194 	.data.b	67,114,121,112,116,111,76,105,98,47,68,117,109,109,121,67,114,121,112,116,111,47,117,115,101,114,99,111,100,101,47,68,117,109,109,121,95,72,97,101,83,70,77,50,46,99,0
00000018 694c6f74 
0000001c 75442f62 
00000020 43796d6d 
00000024 74707972 
00000028 73752f6f 
0000002c 6f637265 
00000030 442f6564 
00000034 796d6d75 
00000038 6561485f 
0000003c 324d4653 
00000040 00632e 
00000043 575c3a43    195 	.data.b	67,58,92,87,111,114,107,105,110,103,92,65,85,84,79,83,65,82,92,87,80,67,92,48,49,95,83,87,80,95,66,97,99,107,117,112,92,107,115,110,95,98,97,99,107,117,112,92,101,95,107,97,52,95,112,101,95,119,112,99
00000047 696b726f 
0000004b 415c676e 
0000004f 534f5455 
00000053 575c5241 
00000057 305c4350 
0000005b 57535f31 
0000005f 61425f50 
00000063 70756b63 
00000067 6e736b5c 
0000006b 6361625f 
0000006f 5c70756b 
00000073 616b5f65 
00000077 65705f34 
0000007b 6370775f 
0000007f 3032765f    196 	.data.b	95,118,50,48,48,95,50,50,48,53,49,57,95,49,0
00000083 32325f30 
00000087 39313530 
0000008b 00315f 
0000008e 20534847    197 	.data.b	71,72,83,32,67,32,50,48,49,55,46,49,46,52,32,91,100,117,97,108,93,0
00000092 30322043 
00000096 312e3731 
0000009a 5b20342e 
0000009e 6c617564 
000000a2 005d 
000000a4 0001        198 	.data.b	1,0
000000a6 00000000*   199 	.data.w	.Ldw_line_begin
000000aa 00000000*   200 	.data.w	.Ldw_macinfo_begin

                                                                      Page 5
                                                              C:\Windows\TEMP\gh_00008nk3.si
000000ae 00          201 	.data.b	0
                     202 
                     203 	.section	.debug_abbrev
00000000 01          204 	.data.b	1
00000001 11          205 	.data.b	17
00000002 01          206 	.data.b	1
00000003 0111        207 	.data.b	17,1
00000005 0112        208 	.data.b	18,1
00000007 0803        209 	.data.b	3,8
00000009 081b        210 	.data.b	27,8
0000000b 0825        211 	.data.b	37,8
0000000d 0513        212 	.data.b	19,5
0000000f 0610        213 	.data.b	16,6
00000011 0643        214 	.data.b	67,6
00000013 0b42        215 	.data.b	66,11
00000015 0000        216 	.data.b	0,0
                     217 
                     218 	.section	.debug_line
                     219 .Ldw_line_begin:
00000000 00000000*   220 	.data.w	.Ldw_line_end-.Ldw_line_begin-4
00000004 0002        221 	.data.b	2,0
00000006 00000000*   222 	.data.w	.Ldw_lpro_end-.Ldw_lpro_begin
                     223 .Ldw_lpro_begin:
0000000a 01          224 	.data.b	1
0000000b 00          225 	.data.b	0
0000000c 00          226 	.data.b	0
0000000d 04          227 	.data.b	4
0000000e 0a          228 	.data.b	10
0000000f 010100      229 	.data.b	0,1,1
00000012 000101      230 	.data.b	1,1,0
00000015 010000      231 	.data.b	0,0,1
00000018 00          232 	.data.b	0
00000019 70797243    233 	.data.b	67,114,121,112,116,111,76,105,98,47,68,117,109,109,121,67,114,121,112,116,111,47,117,115,101,114,99,111,100,101,47,68,117,109,109,121,95,72,97,101,83,70,77,50,46,99,0
0000001d 694c6f74 
00000021 75442f62 
00000025 43796d6d 
00000029 74707972 
0000002d 73752f6f 
00000031 6f637265 
00000035 442f6564 
00000039 796d6d75 
0000003d 6561485f 
00000041 324d4653 
00000045 00632e 
00000048 000000      234 	.data.b	0,0,0
0000004b 70797243    235 	.data.b	67,114,121,112,116,111,76,105,98,47,68,117,109,109,121,67,114,121,112,116,111,47,117,115,101,114,99,111,100,101,47,68,117,109,109,121,95,72,97,101,83,70,77,50,46,104,0
0000004f 694c6f74 
00000053 75442f62 
00000057 43796d6d 
0000005b 74707972 
0000005f 73752f6f 
00000063 6f637265 
00000067 442f6564 
0000006b 796d6d75 
0000006f 6561485f 
00000073 324d4653 
00000077 00682e 
0000007a 000000      236 	.data.b	0,0,0
0000007d 00          237 	.data.b	0
                     238 .Ldw_lpro_end:
                     239 	.section	.debug_macinfo

                                                                      Page 6
                                                              C:\Windows\TEMP\gh_00008nk3.si
                     240 .Ldw_macinfo_begin:
                     241 	.section	.debug_frame
                     242 .LDW_4b9d248:
00000000 00000000*   243 	.data.w	.LDW_unq_2-.LDW_unq_1
                     244 .LDW_unq_1:
00000004 ffffffff    245 	.data.b	255,255,255,255
00000008 01          246 	.data.b	1
00000009 00          247 	.data.b	0
0000000a 01          248 	.data.b	1
0000000b 01          249 	.data.b	1
0000000c 00          250 	.data.b	0
0000000d 0c          251 	.data.b	12
0000000e 0d          252 	.data.b	13
0000000f 00          253 	.data.b	0
00000010 07          254 	.data.b	7
00000011 00          255 	.data.b	0
00000012 07          256 	.data.b	7
00000013 01          257 	.data.b	1
00000014 07          258 	.data.b	7
00000015 02          259 	.data.b	2
00000016 07          260 	.data.b	7
00000017 03          261 	.data.b	3
00000018 07          262 	.data.b	7
00000019 04          263 	.data.b	4
0000001a 07          264 	.data.b	7
0000001b 05          265 	.data.b	5
0000001c 07          266 	.data.b	7
0000001d 06          267 	.data.b	6
0000001e 07          268 	.data.b	7
0000001f 07          269 	.data.b	7
00000020 07          270 	.data.b	7
00000021 08          271 	.data.b	8
00000022 07          272 	.data.b	7
00000023 09          273 	.data.b	9
00000024 07          274 	.data.b	7
00000025 0a          275 	.data.b	10
00000026 07          276 	.data.b	7
00000027 0b          277 	.data.b	11
00000028 07          278 	.data.b	7
00000029 0c          279 	.data.b	12
0000002a 07          280 	.data.b	7
0000002b 0d          281 	.data.b	13
0000002c 07          282 	.data.b	7
0000002d 0e          283 	.data.b	14
0000002e 07          284 	.data.b	7
0000002f 0f          285 	.data.b	15
00000030 07          286 	.data.b	7
00000031 10          287 	.data.b	16
00000032 07          288 	.data.b	7
00000033 11          289 	.data.b	17
00000034 07          290 	.data.b	7
00000035 12          291 	.data.b	18
00000036 07          292 	.data.b	7
00000037 13          293 	.data.b	19
00000038 07          294 	.data.b	7
00000039 14          295 	.data.b	20
0000003a 07          296 	.data.b	7
0000003b 15          297 	.data.b	21
0000003c 07          298 	.data.b	7
0000003d 16          299 	.data.b	22
0000003e 07          300 	.data.b	7

                                                                      Page 7
                                                              C:\Windows\TEMP\gh_00008nk3.si
0000003f 17          301 	.data.b	23
00000040 07          302 	.data.b	7
00000041 18          303 	.data.b	24
00000042 07          304 	.data.b	7
00000043 19          305 	.data.b	25
00000044 07          306 	.data.b	7
00000045 1a          307 	.data.b	26
00000046 07          308 	.data.b	7
00000047 1b          309 	.data.b	27
00000048 07          310 	.data.b	7
00000049 1c          311 	.data.b	28
0000004a 07          312 	.data.b	7
0000004b 1d          313 	.data.b	29
0000004c 07          314 	.data.b	7
0000004d 1e          315 	.data.b	30
0000004e 07          316 	.data.b	7
0000004f 1f          317 	.data.b	31
00000050 07          318 	.data.b	7
00000051 20          319 	.data.b	32
00000052 07          320 	.data.b	7
00000053 21          321 	.data.b	33
00000054 07          322 	.data.b	7
00000055 22          323 	.data.b	34
00000056 07          324 	.data.b	7
00000057 23          325 	.data.b	35
00000058 07          326 	.data.b	7
00000059 24          327 	.data.b	36
0000005a 07          328 	.data.b	7
0000005b 25          329 	.data.b	37
0000005c 07          330 	.data.b	7
0000005d 26          331 	.data.b	38
0000005e 07          332 	.data.b	7
0000005f 27          333 	.data.b	39
00000060 07          334 	.data.b	7
00000061 28          335 	.data.b	40
00000062 07          336 	.data.b	7
00000063 29          337 	.data.b	41
00000064 07          338 	.data.b	7
00000065 2a          339 	.data.b	42
00000066 07          340 	.data.b	7
00000067 2b          341 	.data.b	43
00000068 07          342 	.data.b	7
00000069 2c          343 	.data.b	44
0000006a 07          344 	.data.b	7
0000006b 2d          345 	.data.b	45
0000006c 07          346 	.data.b	7
0000006d 2e          347 	.data.b	46
0000006e 07          348 	.data.b	7
0000006f 2f          349 	.data.b	47
00000070 07          350 	.data.b	7
00000071 30          351 	.data.b	48
00000072 07          352 	.data.b	7
00000073 31          353 	.data.b	49
00000074 07          354 	.data.b	7
00000075 32          355 	.data.b	50
00000076 07          356 	.data.b	7
00000077 33          357 	.data.b	51
00000078 07          358 	.data.b	7
00000079 34          359 	.data.b	52
0000007a 07          360 	.data.b	7
0000007b 35          361 	.data.b	53

                                                                      Page 8
                                                              C:\Windows\TEMP\gh_00008nk3.si
0000007c 07          362 	.data.b	7
0000007d 36          363 	.data.b	54
0000007e 07          364 	.data.b	7
0000007f 37          365 	.data.b	55
00000080 07          366 	.data.b	7
00000081 38          367 	.data.b	56
00000082 07          368 	.data.b	7
00000083 39          369 	.data.b	57
00000084 07          370 	.data.b	7
00000085 3a          371 	.data.b	58
00000086 07          372 	.data.b	7
00000087 3b          373 	.data.b	59
00000088 07          374 	.data.b	7
00000089 3c          375 	.data.b	60
0000008a 07          376 	.data.b	7
0000008b 3d          377 	.data.b	61
0000008c 07          378 	.data.b	7
0000008d 3e          379 	.data.b	62
0000008e 07          380 	.data.b	7
0000008f 3f          381 	.data.b	63
                     382 .LDW_unq_2:
                     383 	.section	.debug_info
                     384 .LDW_378e128:
000000af 27          385 	.data.b	39
000000b0 69736e75    386 	.data.b	117,110,115,105,103,110,101,100,32,99,104,97,114,0
000000b4 64656e67 
000000b8 61686320 
000000bc 0072 
000000be 08          387 	.data.b	8
000000bf 01          388 	.data.b	1
                     389 
                     390 	.section	.debug_abbrev
00000017 27          391 	.data.b	39
00000018 24          392 	.data.b	36
00000019 00          393 	.data.b	0
0000001a 0803        394 	.data.b	3,8
0000001c 0b3e        395 	.data.b	62,11
0000001e 0b0b        396 	.data.b	11,11
00000020 0000        397 	.data.b	0,0
                     398 
                     399 	.section	.debug_info
                     400 .LDW_378dcc8:
000000c0 31          401 	.data.b	49
000000c1 00000000*   402 	.data.w	.LDW_37be748
                     403 
                     404 	.section	.debug_abbrev
00000022 31          405 	.data.b	49
00000023 0f          406 	.data.b	15
00000024 00          407 	.data.b	0
00000025 1049        408 	.data.b	73,16
00000027 0000        409 	.data.b	0,0
                     410 
                     411 	.section	.debug_info
                     412 .LDW_37be7a0:
000000c5 2b          413 	.data.b	43
000000c6 00000000*   414 	.data.w	.LDW_37be748
                     415 
                     416 	.section	.debug_abbrev
00000029 2b          417 	.data.b	43
0000002a 26          418 	.data.b	38
0000002b 00          419 	.data.b	0

                                                                      Page 9
                                                              C:\Windows\TEMP\gh_00008nk3.si
0000002c 1049        420 	.data.b	73,16
0000002e 0000        421 	.data.b	0,0
                     422 
                     423 	.section	.debug_info
                     424 .LDW_378dfa0:
000000ca 31          425 	.data.b	49
000000cb 00000000*   426 	.data.w	.LDW_37be7a0
                     427 
                     428 .LDW_378def8:
000000cf 46          429 	.data.b	70
000000d0 00000000*   430 	.data.w	.LDW_37be6f0
000000d4 01          431 	.data.b	1
                     432 
                     433 	.section	.debug_abbrev
00000030 46          434 	.data.b	70
00000031 15          435 	.data.b	21
00000032 01          436 	.data.b	1
00000033 1049        437 	.data.b	73,16
00000035 0c27        438 	.data.b	39,12
00000037 0000        439 	.data.b	0,0
                     440 
                     441 	.section	.debug_info
                     442 .LDW_376fbd8:
000000d5 14          443 	.data.b	20
000000d6 00000000*   444 	.data.w	.LDW_378dcc8
000000da 00          445 	.data.b	0
                     446 
                     447 	.section	.debug_abbrev
00000039 14          448 	.data.b	20
0000003a 05          449 	.data.b	5
0000003b 00          450 	.data.b	0
0000003c 1049        451 	.data.b	73,16
0000003e 0c4b        452 	.data.b	75,12
00000040 0000        453 	.data.b	0,0
                     454 
                     455 	.section	.debug_info
                     456 .LDW_376fc38:
000000db 14          457 	.data.b	20
000000dc 00000000*   458 	.data.w	.LDW_378dfa0
000000e0 00          459 	.data.b	0
                     460 
                     461 .LDW_376fc98:
000000e1 14          462 	.data.b	20
000000e2 00000000*   463 	.data.w	.LDW_37be7a0
000000e6 00          464 	.data.b	0
                     465 
                     466 .LDW_376fcc8:
000000e7 14          467 	.data.b	20
000000e8 00000000*   468 	.data.w	.LDW_378dfa0
000000ec 00          469 	.data.b	0
                     470 
                     471 .LDW_376fd58:
000000ed 14          472 	.data.b	20
000000ee 00000000*   473 	.data.w	.LDW_378dfa0
000000f2 00          474 	.data.b	0
                     475 
                     476 .LDW_37700b8:
000000f3 14          477 	.data.b	20
000000f4 00000000*   478 	.data.w	.LDW_37be7a0
000000f8 00          479 	.data.b	0
                     480 

                                                                      Page 10
                                                              C:\Windows\TEMP\gh_00008nk3.si
000000f9 00          481 	.data.b	0
                     482 
                     483 .LDW_378df68:
000000fa 27          484 	.data.b	39
000000fb 69736e75    485 	.data.b	117,110,115,105,103,110,101,100,32,108,111,110,103,0
000000ff 64656e67 
00000103 6e6f6c20 
00000107 0067 
00000109 07          486 	.data.b	7
0000010a 04          487 	.data.b	4
                     488 
                     489 .LDW_4a6ca98:
0000010b 2b          490 	.data.b	43
0000010c 00000000*   491 	.data.w	.LDW_4a6ca40
                     492 
                     493 .LDW_378dd00:
00000110 46          494 	.data.b	70
00000111 00000000*   495 	.data.w	.LDW_37be6f0
00000115 01          496 	.data.b	1
                     497 
                     498 .LDW_3770178:
00000116 14          499 	.data.b	20
00000117 00000000*   500 	.data.w	.LDW_378dcc8
0000011b 00          501 	.data.b	0
                     502 
                     503 .LDW_37700e8:
0000011c 14          504 	.data.b	20
0000011d 00000000*   505 	.data.w	.LDW_378dfa0
00000121 00          506 	.data.b	0
                     507 
                     508 .LDW_3770118:
00000122 14          509 	.data.b	20
00000123 00000000*   510 	.data.w	.LDW_4a6ca98
00000127 00          511 	.data.b	0
                     512 
00000128 00          513 	.data.b	0
                     514 
                     515 .LDW_378da60:
00000129 31          516 	.data.b	49
0000012a 00000000*   517 	.data.w	.LDW_4a6ca40
                     518 
                     519 .LDW_378dd70:
0000012e 46          520 	.data.b	70
0000012f 00000000*   521 	.data.w	.LDW_37be6f0
00000133 01          522 	.data.b	1
                     523 
                     524 .LDW_3770208:
00000134 14          525 	.data.b	20
00000135 00000000*   526 	.data.w	.LDW_378da60
00000139 00          527 	.data.b	0
                     528 
0000013a 00          529 	.data.b	0
                     530 
                     531 .LDW_378df30:
0000013b 46          532 	.data.b	70
0000013c 00000000*   533 	.data.w	.LDW_37be6f0
00000140 01          534 	.data.b	1
                     535 
00000141 00          536 	.data.b	0
                     537 
                     538 .LDW_378de88:

                                                                      Page 11
                                                              C:\Windows\TEMP\gh_00008nk3.si
00000142 46          539 	.data.b	70
00000143 00000000*   540 	.data.w	.LDW_37be6f0
00000147 01          541 	.data.b	1
                     542 
                     543 .LDW_4a6d9f0:
00000148 14          544 	.data.b	20
00000149 00000000*   545 	.data.w	.LDW_378dfa0
0000014d 00          546 	.data.b	0
                     547 
                     548 .LDW_4a6d870:
0000014e 14          549 	.data.b	20
0000014f 00000000*   550 	.data.w	.LDW_4a6ca98
00000153 00          551 	.data.b	0
                     552 
00000154 00          553 	.data.b	0
                     554 
                     555 .LDW_4a6cfd0:
00000155 2b          556 	.data.b	43
00000156 00000000*   557 	.data.w	.LDW_4a6ce70
                     558 
                     559 .LDW_378dde0:
0000015a 31          560 	.data.b	49
0000015b 00000000*   561 	.data.w	.LDW_4a6cfd0
                     562 
                     563 .LDW_4a6d188:
0000015f 2b          564 	.data.b	43
00000160 00000000*   565 	.data.w	.LDW_4a6d080
                     566 
                     567 .LDW_378da98:
00000164 31          568 	.data.b	49
00000165 00000000*   569 	.data.w	.LDW_4a6d188
                     570 
                     571 .LDW_378dda8:
00000169 46          572 	.data.b	70
0000016a 00000000*   573 	.data.w	.LDW_37be6f0
0000016e 01          574 	.data.b	1
                     575 
                     576 .LDW_4a6d6c0:
0000016f 14          577 	.data.b	20
00000170 00000000*   578 	.data.w	.LDW_378dde0
00000174 00          579 	.data.b	0
                     580 
                     581 .LDW_4a6dab0:
00000175 14          582 	.data.b	20
00000176 00000000*   583 	.data.w	.LDW_378da98
0000017a 00          584 	.data.b	0
                     585 
0000017b 00          586 	.data.b	0
                     587 
                     588 .LDW_378e1d0:
0000017c 46          589 	.data.b	70
0000017d 00000000*   590 	.data.w	.LDW_4a6ca40
00000181 01          591 	.data.b	1
                     592 
00000182 00          593 	.data.b	0
                     594 
                     595 .LDW_4a6e450:
00000183 47          596 	.data.b	71
00000184 01          597 	.data.b	1
                     598 
                     599 	.section	.debug_abbrev

                                                                      Page 12
                                                              C:\Windows\TEMP\gh_00008nk3.si
00000042 47          600 	.data.b	71
00000043 15          601 	.data.b	21
00000044 01          602 	.data.b	1
00000045 0c27        603 	.data.b	39,12
00000047 0000        604 	.data.b	0,0
                     605 
                     606 	.section	.debug_info
00000185 00          607 	.data.b	0
                     608 
                     609 .LDW_4a6e3a8:
00000186 31          610 	.data.b	49
00000187 00000000*   611 	.data.w	.LDW_4a6e450
                     612 
                     613 .LDW_4a6d0d8:
0000018b 2b          614 	.data.b	43
0000018c 00000000*   615 	.data.w	.LDW_4a6cec8
                     616 
                     617 .LDW_378e160:
00000190 46          618 	.data.b	70
00000191 00000000*   619 	.data.w	.LDW_37be6f0
00000195 01          620 	.data.b	1
                     621 
                     622 .LDW_4a6d5a0:
00000196 14          623 	.data.b	20
00000197 00000000*   624 	.data.w	.LDW_4a6d0d8
0000019b 00          625 	.data.b	0
                     626 
0000019c 00          627 	.data.b	0
                     628 
                     629 .LDW_4a6e920:
0000019d 27          630 	.data.b	39
0000019e 00746e69    631 	.data.b	105,110,116,0
000001a2 05          632 	.data.b	5
000001a3 04          633 	.data.b	4
                     634 
                     635 .LDW_4a6ebe0:
000001a4 3c          636 	.data.b	60
000001a5 00          637 	.data.b	0
000001a6 0280        638 	.data.b	128,2
000001a8 00000000*   639 	.data.w	.LDW_37be748
                     640 
                     641 	.section	.debug_abbrev
00000049 3c          642 	.data.b	60
0000004a 01          643 	.data.b	1
0000004b 01          644 	.data.b	1
0000004c 0b09        645 	.data.b	9,11
0000004e 0f0b        646 	.data.b	11,15
00000050 1049        647 	.data.b	73,16
00000052 0000        648 	.data.b	0,0
                     649 
                     650 	.section	.debug_info
000001ac 34          651 	.data.b	52
000001ad 00000000*   652 	.data.w	.LDW_4a6e920
000001b1 04          653 	.data.b	4
000001b2 00          654 	.data.b	0
000001b3 01ff        655 	.data.b	255,1
                     656 
                     657 	.section	.debug_abbrev
00000054 34          658 	.data.b	52
00000055 21          659 	.data.b	33
00000056 00          660 	.data.b	0

                                                                      Page 13
                                                              C:\Windows\TEMP\gh_00008nk3.si
00000057 1049        661 	.data.b	73,16
00000059 0f0b        662 	.data.b	11,15
0000005b 0d22        663 	.data.b	34,13
0000005d 0d2f        664 	.data.b	47,13
0000005f 0000        665 	.data.b	0,0
                     666 
                     667 	.section	.debug_info
000001b5 00          668 	.data.b	0
                     669 
                     670 .LDW_37be748:
000001b6 2a          671 	.data.b	42
000001b7 746e6975    672 	.data.b	117,105,110,116,56,0
000001bb 0038 
000001bd 2c          673 	.data.b	44
000001be 19          674 	.data.b	25
000001bf 02          675 	.data.b	2
000001c0 00000000*   676 	.data.w	.LDW_378e128
                     677 
                     678 	.section	.debug_abbrev
00000061 2a          679 	.data.b	42
00000062 16          680 	.data.b	22
00000063 00          681 	.data.b	0
00000064 0803        682 	.data.b	3,8
00000066 0f3b        683 	.data.b	59,15
00000068 0f39        684 	.data.b	57,15
0000006a 0f3a        685 	.data.b	58,15
0000006c 1049        686 	.data.b	73,16
0000006e 0000        687 	.data.b	0,0
                     688 
                     689 	.section	.debug_info
                     690 .LDW_4a6ca40:
000001c4 2a          691 	.data.b	42
000001c5 746e6975    692 	.data.b	117,105,110,116,51,50,0
000001c9 003233 
000001cc 36          693 	.data.b	54
000001cd 1f          694 	.data.b	31
000001ce 02          695 	.data.b	2
000001cf 00000000*   696 	.data.w	.LDW_378df68
                     697 
                     698 .LDW_4a6cec8:
000001d3 2a          699 	.data.b	42
000001d4 75636553    700 	.data.b	83,101,99,117,114,101,70,108,97,115,104,95,67,97,108,108,98,97,99,107,0
000001d8 6c466572 
000001dc 5f687361 
000001e0 6c6c6143 
000001e4 6b636162 
000001e8 00 
000001e9 3a          701 	.data.b	58
000001ea 0f          702 	.data.b	15
000001eb 02          703 	.data.b	2
000001ec 00000000*   704 	.data.w	.LDW_4a6e3a8
                     705 
                     706 .LDW_4a6d080:
000001f0 2a          707 	.data.b	42
000001f1 75636553    708 	.data.b	83,101,99,117,114,101,70,108,97,115,104,95,83,105,103,110,66,117,102,102,0
000001f5 6c466572 
000001f9 5f687361 
000001fd 6e676953 
00000201 66667542 
00000205 00 
00000206 3c          709 	.data.b	60

                                                                      Page 14
                                                              C:\Windows\TEMP\gh_00008nk3.si
00000207 0f          710 	.data.b	15
00000208 02          711 	.data.b	2
00000209 00000000*   712 	.data.w	.LDW_37be748
                     713 
                     714 .LDW_37be698:
0000020d 30          715 	.data.b	48
0000020e 00          716 	.data.b	0
0000020f 43          717 	.data.b	67
00000210 0e          718 	.data.b	14
00000211 02          719 	.data.b	2
00000212 01          720 	.data.b	1
00000213 01          721 	.data.b	1
                     722 
                     723 	.section	.debug_abbrev
00000070 30          724 	.data.b	48
00000071 04          725 	.data.b	4
00000072 01          726 	.data.b	1
00000073 0803        727 	.data.b	3,8
00000075 0f3b        728 	.data.b	59,15
00000077 0f39        729 	.data.b	57,15
00000079 0f3a        730 	.data.b	58,15
0000007b 0f0b        731 	.data.b	11,15
0000007d 0b32        732 	.data.b	50,11
0000007f 0000        733 	.data.b	0,0
                     734 
                     735 	.section	.debug_info
                     736 .LDW_37707f0:
00000214 2f          737 	.data.b	47
00000215 535f5452    738 	.data.b	82,84,95,83,85,67,67,69,83,83,0
00000219 45434355 
0000021d 005353 
00000220 44          739 	.data.b	68
00000221 02          740 	.data.b	2
00000222 02          741 	.data.b	2
00000223 00          742 	.data.b	0
                     743 
                     744 	.section	.debug_abbrev
00000081 2f          745 	.data.b	47
00000082 28          746 	.data.b	40
00000083 00          747 	.data.b	0
00000084 0803        748 	.data.b	3,8
00000086 0f3b        749 	.data.b	59,15
00000088 0f39        750 	.data.b	57,15
0000008a 0f3a        751 	.data.b	58,15
0000008c 0d1c        752 	.data.b	28,13
0000008e 0000        753 	.data.b	0,0
                     754 
                     755 	.section	.debug_info
                     756 .LDW_37704f0:
00000224 2f          757 	.data.b	47
00000225 465f5452    758 	.data.b	82,84,95,70,65,73,76,0
00000229 004c4941 
0000022d 45          759 	.data.b	69
0000022e 02          760 	.data.b	2
0000022f 02          761 	.data.b	2
00000230 01          762 	.data.b	1
                     763 
00000231 00          764 	.data.b	0
                     765 
                     766 .LDW_37be6f0:
00000232 2a          767 	.data.b	42

                                                                      Page 15
                                                              C:\Windows\TEMP\gh_00008nk3.si
00000233 75636553    768 	.data.b	83,101,99,117,114,101,70,108,97,115,104,95,82,84,0
00000237 6c466572 
0000023b 5f687361 
0000023f 005452 
00000242 46          769 	.data.b	70
00000243 02          770 	.data.b	2
00000244 02          771 	.data.b	2
00000245 00000000*   772 	.data.w	.LDW_37be698
                     773 
                     774 .LDW_4a6d130:
00000249 43          775 	.data.b	67
0000024a 4c          776 	.data.b	76
0000024b 10          777 	.data.b	16
0000024c 02          778 	.data.b	2
0000024d 0284        779 	.data.b	132,2
0000024f 01          780 	.data.b	1
                     781 
                     782 	.section	.debug_abbrev
00000090 43          783 	.data.b	67
00000091 13          784 	.data.b	19
00000092 01          785 	.data.b	1
00000093 0f3b        786 	.data.b	59,15
00000095 0f39        787 	.data.b	57,15
00000097 0f3a        788 	.data.b	58,15
00000099 0f0b        789 	.data.b	11,15
0000009b 0b32        790 	.data.b	50,11
0000009d 0000        791 	.data.b	0,0
                     792 
                     793 	.section	.debug_info
                     794 .LDW_4a6ec68:
00000250 25          795 	.data.b	37
00000251 75646f6d    796 	.data.b	109,111,100,117,108,117,115,0
00000255 0073756c 
00000259 4d          797 	.data.b	77
0000025a 08          798 	.data.b	8
0000025b 02          799 	.data.b	2
0000025c 00000000*   800 	.data.w	.LDW_4a6ebe0
00000260 2302        801 	.data.b	2,35
00000262 00          802 	.data.b	0
00000263 01          803 	.data.b	1
                     804 
                     805 	.section	.debug_abbrev
0000009f 25          806 	.data.b	37
000000a0 0d          807 	.data.b	13
000000a1 00          808 	.data.b	0
000000a2 0803        809 	.data.b	3,8
000000a4 0f3b        810 	.data.b	59,15
000000a6 0f39        811 	.data.b	57,15
000000a8 0f3a        812 	.data.b	58,15
000000aa 1049        813 	.data.b	73,16
000000ac 0a38        814 	.data.b	56,10
000000ae 0b32        815 	.data.b	50,11
000000b0 0000        816 	.data.b	0,0
                     817 
                     818 	.section	.debug_info
                     819 .LDW_4a6ecb0:
00000264 25          820 	.data.b	37
00000265 6f707865    821 	.data.b	101,120,112,111,110,101,116,0
00000269 0074656e 
0000026d 4e          822 	.data.b	78
0000026e 09          823 	.data.b	9

                                                                      Page 16
                                                              C:\Windows\TEMP\gh_00008nk3.si
0000026f 02          824 	.data.b	2
00000270 00000000*   825 	.data.w	.LDW_4a6ca40
00000274 2303        826 	.data.b	3,35
00000276 0280        827 	.data.b	128,2
00000278 01          828 	.data.b	1
                     829 
00000279 00          830 	.data.b	0
                     831 
                     832 .LDW_4a6ce70:
0000027a 2a          833 	.data.b	42
0000027b 75636553    834 	.data.b	83,101,99,117,114,101,70,108,97,115,104,95,80,117,98,108,105,99,75,101,121,0
0000027f 6c466572 
00000283 5f687361 
00000287 6c627550 
0000028b 654b6369 
0000028f 0079 
00000291 4f          835 	.data.b	79
00000292 03          836 	.data.b	3
00000293 02          837 	.data.b	2
00000294 00000000*   838 	.data.w	.LDW_4a6d130
                     839 
                     840 .LDW_37be7f8:
00000298 16          841 	.data.b	22
00000299 75636553    842 	.data.b	83,101,99,117,114,101,70,108,97,115,104,95,68,101,99,114,121,112,116,83,116,97,114,116,0
0000029d 6c466572 
000002a1 5f687361 
000002a5 72636544 
000002a9 53747079 
000002ad 74726174 
000002b1 00 
000002b2 24          843 	.data.b	36
000002b3 10          844 	.data.b	16
000002b4 01          845 	.data.b	1
000002b5 00000000*   846 	.data.w	.LDW_37be6f0
000002b9 00000000*   847 	.data.w	SecureFlash_DecryptStart
000002bd 00000000*   848 	.data.w	__ghs_eofn_SecureFlash_DecryptStart
000002c1 5d01        849 	.data.b	1,93
000002c3 00          850 	.data.b	0
000002c4 04          851 	.data.b	4
000002c5 00          852 	.data.b	0
000002c6 7c          853 	.data.b	124
000002c7 01          854 	.data.b	1
000002c8 00          855 	.data.b	0
000002c9 00          856 	.data.b	0
000002ca 01          857 	.data.b	1
000002cb 01          858 	.data.b	1
000002cc 00          859 	.data.b	0
000002cd 01          860 	.data.b	1
                     861 
                     862 	.section	.debug_abbrev
000000b2 16          863 	.data.b	22
000000b3 2e          864 	.data.b	46
000000b4 01          865 	.data.b	1
000000b5 0803        866 	.data.b	3,8
000000b7 0f3b        867 	.data.b	59,15
000000b9 0f39        868 	.data.b	57,15
000000bb 0f3a        869 	.data.b	58,15
000000bd 1049        870 	.data.b	73,16
000000bf 0111        871 	.data.b	17,1
000000c1 0112        872 	.data.b	18,1
000000c3 0a40        873 	.data.b	64,10

                                                                      Page 17
                                                              C:\Windows\TEMP\gh_00008nk3.si
000000c5 4183        874 	.data.b	131,65
000000c7 0f          875 	.data.b	15
000000c8 4187        876 	.data.b	135,65
000000ca 0d          877 	.data.b	13
000000cb 4185        878 	.data.b	133,65
000000cd 0f          879 	.data.b	15
000000ce 4186        880 	.data.b	134,65
000000d0 0d          881 	.data.b	13
000000d1 4192        882 	.data.b	146,65
000000d3 0f          883 	.data.b	15
000000d4 0c3c        884 	.data.b	60,12
000000d6 0b20        885 	.data.b	32,11
000000d8 0c3f        886 	.data.b	63,12
000000da 0b32        887 	.data.b	50,11
000000dc 0b4c        888 	.data.b	76,11
000000de 0c27        889 	.data.b	39,12
000000e0 0000        890 	.data.b	0,0
                     891 
                     892 	.section	.debug_frame
                     893 .LDW_4a77c90:
00000090 00000000*   894 	.data.w	.LDW_unq_4-.LDW_unq_3
                     895 .LDW_unq_3:
00000094 00000000*   896 	.data.w	.LDW_4b9d248
00000098 00000000*   897 	.data.w	SecureFlash_DecryptStart
0000009c 00000004    898 	.data.w	__ghs_eofn_SecureFlash_DecryptStart-SecureFlash_DecryptStart
000000a0 01          899 	.data.b	1
000000a1 00000000*   900 	.data.w	.LDW11
000000a5 00          901 	.data.b	0
000000a6 00          902 	.data.b	0
000000a7 00          903 	.data.b	0
                     904 .LDW_unq_4:
                     905 	.section	.debug_line
0000007e 020500      906 	.data.b	0,5,2
00000081 00000000*   907 	.data.w	SecureFlash_DecryptStart
00000085 06          908 	.data.b	6
00000086 03          909 	.data.b	3
00000087 27          910 	.data.b	39
00000088 02          911 	.data.b	2
00000089 00          912 	.data.b	0
0000008a 01          913 	.data.b	1
0000008b 06          914 	.data.b	6
0000008c 02          915 	.data.b	2
0000008d 02          916 	.data.b	2
0000008e 02          917 	.data.b	2
0000008f 02          918 	.data.b	2
00000090 010100      919 	.data.b	0,1,1
                     920 	.section	.debug_info
                     921 .LDW_37be890:
000002ce 11          922 	.data.b	17
000002cf 007669      923 	.data.b	105,118,0
000002d2 25          924 	.data.b	37
000002d3 0a          925 	.data.b	10
000002d4 01          926 	.data.b	1
000002d5 00000000*   927 	.data.w	.LDW_378dcc8
000002d9 00          928 	.data.b	0
000002da 5001        929 	.data.b	1,80
                     930 
                     931 	.section	.debug_abbrev
000000e2 11          932 	.data.b	17
000000e3 05          933 	.data.b	5
000000e4 00          934 	.data.b	0

                                                                      Page 18
                                                              C:\Windows\TEMP\gh_00008nk3.si
000000e5 0803        935 	.data.b	3,8
000000e7 0f3b        936 	.data.b	59,15
000000e9 0f39        937 	.data.b	57,15
000000eb 0f3a        938 	.data.b	58,15
000000ed 1049        939 	.data.b	73,16
000000ef 0c4b        940 	.data.b	75,12
000000f1 0a02        941 	.data.b	2,10
000000f3 0000        942 	.data.b	0,0
                     943 
                     944 	.section	.debug_info
                     945 .LDW_37be8e8:
000002dc 11          946 	.data.b	17
000002dd 4b636564    947 	.data.b	100,101,99,75,101,121,0
000002e1 007965 
000002e4 25          948 	.data.b	37
000002e5 1b          949 	.data.b	27
000002e6 01          950 	.data.b	1
000002e7 00000000*   951 	.data.w	.LDW_378dfa0
000002eb 00          952 	.data.b	0
000002ec 5101        953 	.data.b	1,81
                     954 
                     955 .LDW_37be940:
000002ee 11          956 	.data.b	17
000002ef 4b636564    957 	.data.b	100,101,99,75,101,121,76,101,110,0
000002f3 654c7965 
000002f7 006e 
000002f9 25          958 	.data.b	37
000002fa 2f          959 	.data.b	47
000002fb 01          960 	.data.b	1
000002fc 00000000*   961 	.data.w	.LDW_37be7a0
00000300 00          962 	.data.b	0
00000301 5201        963 	.data.b	1,82
                     964 
                     965 .LDW_37be998:
00000303 11          966 	.data.b	17
00000304 4f63616d    967 	.data.b	109,97,99,79,102,68,101,99,75,101,121,0
00000308 63654466 
0000030c 0079654b 
00000310 26          968 	.data.b	38
00000311 10          969 	.data.b	16
00000312 01          970 	.data.b	1
00000313 00000000*   971 	.data.w	.LDW_378dfa0
00000317 00          972 	.data.b	0
00000318 5301        973 	.data.b	1,83
                     974 
                     975 .LDW_37be9f0:
0000031a 11          976 	.data.b	17
0000031b 4b63616d    977 	.data.b	109,97,99,75,101,121,0
0000031f 007965 
00000322 26          978 	.data.b	38
00000323 2a          979 	.data.b	42
00000324 01          980 	.data.b	1
00000325 00000000*   981 	.data.w	.LDW_378dfa0
00000329 00          982 	.data.b	0
0000032a 7d02        983 	.data.b	2,125
0000032c 00          984 	.data.b	0
                     985 
                     986 .LDW_37bea48:
0000032d 11          987 	.data.b	17
0000032e 4b63616d    988 	.data.b	109,97,99,75,101,121,76,101,110,0
00000332 654c7965 

                                                                      Page 19
                                                              C:\Windows\TEMP\gh_00008nk3.si
00000336 006e 
00000338 26          989 	.data.b	38
00000339 3e          990 	.data.b	62
0000033a 01          991 	.data.b	1
0000033b 00000000*   992 	.data.w	.LDW_37be7a0
0000033f 00          993 	.data.b	0
00000340 7d02        994 	.data.b	2,125
00000342 04          995 	.data.b	4
                     996 
                     997 .LDW_37701a8:
00000343 1f          998 	.data.b	31
00000344 00000000*   999 	.data.w	.LDW01
00000348 00000000*  1000 	.data.w	.LDW11
                    1001 
                    1002 	.section	.debug_abbrev
000000f5 1f         1003 	.data.b	31
000000f6 0b         1004 	.data.b	11
000000f7 01         1005 	.data.b	1
000000f8 0111       1006 	.data.b	17,1
000000fa 0112       1007 	.data.b	18,1
000000fc 0000       1008 	.data.b	0,0
                    1009 
                    1010 	.section	.debug_info
0000034c 00         1011 	.data.b	0
                    1012 
0000034d 00         1013 	.data.b	0
                    1014 
                    1015 .LDW_4a6caf0:
0000034e 16         1016 	.data.b	22
0000034f 75636553   1017 	.data.b	83,101,99,117,114,101,70,108,97,115,104,95,68,101,99,114,121,112,116,85,112,100,97,116,101,0
00000353 6c466572 
00000357 5f687361 
0000035b 72636544 
0000035f 55747079 
00000363 74616470 
00000367 0065 
00000369 2b         1018 	.data.b	43
0000036a 10         1019 	.data.b	16
0000036b 01         1020 	.data.b	1
0000036c 00000000*  1021 	.data.w	.LDW_37be6f0
00000370 00000000*  1022 	.data.w	SecureFlash_DecryptUpdate
00000374 00000000*  1023 	.data.w	__ghs_eofn_SecureFlash_DecryptUpdate
00000378 5d01       1024 	.data.b	1,93
0000037a 00         1025 	.data.b	0
0000037b 04         1026 	.data.b	4
0000037c 00         1027 	.data.b	0
0000037d 7c         1028 	.data.b	124
0000037e 01         1029 	.data.b	1
0000037f 00         1030 	.data.b	0
00000380 00         1031 	.data.b	0
00000381 01         1032 	.data.b	1
00000382 01         1033 	.data.b	1
00000383 00         1034 	.data.b	0
00000384 01         1035 	.data.b	1
                    1036 
                    1037 	.section	.debug_frame
                    1038 .LDW_4b7cdf0:
000000a8 00000000*  1039 	.data.w	.LDW_unq_6-.LDW_unq_5
                    1040 .LDW_unq_5:
000000ac 00000000*  1041 	.data.w	.LDW_4b9d248
000000b0 00000000*  1042 	.data.w	SecureFlash_DecryptUpdate

                                                                      Page 20
                                                              C:\Windows\TEMP\gh_00008nk3.si
000000b4 00000004   1043 	.data.w	__ghs_eofn_SecureFlash_DecryptUpdate-SecureFlash_DecryptUpdate
000000b8 01         1044 	.data.b	1
000000b9 00000000*  1045 	.data.w	.LDW31
000000bd 00         1046 	.data.b	0
000000be 00         1047 	.data.b	0
000000bf 00         1048 	.data.b	0
                    1049 .LDW_unq_6:
                    1050 	.section	.debug_line
00000093 020500     1051 	.data.b	0,5,2
00000096 00000000*  1052 	.data.w	SecureFlash_DecryptUpdate
0000009a 06         1053 	.data.b	6
0000009b 03         1054 	.data.b	3
0000009c 2d         1055 	.data.b	45
0000009d 02         1056 	.data.b	2
0000009e 00         1057 	.data.b	0
0000009f 01         1058 	.data.b	1
000000a0 06         1059 	.data.b	6
000000a1 02         1060 	.data.b	2
000000a2 02         1061 	.data.b	2
000000a3 02         1062 	.data.b	2
000000a4 02         1063 	.data.b	2
000000a5 010100     1064 	.data.b	0,1,1
                    1065 	.section	.debug_info
                    1066 .LDW_4a6cb88:
00000385 11         1067 	.data.b	17
00000386 0074756f   1068 	.data.b	111,117,116,0
0000038a 2c         1069 	.data.b	44
0000038b 0a         1070 	.data.b	10
0000038c 01         1071 	.data.b	1
0000038d 00000000*  1072 	.data.w	.LDW_378dcc8
00000391 00         1073 	.data.b	0
00000392 5001       1074 	.data.b	1,80
                    1075 
                    1076 .LDW_4a6cbe0:
00000394 11         1077 	.data.b	17
00000395 006e69     1078 	.data.b	105,110,0
00000398 2c         1079 	.data.b	44
00000399 1c         1080 	.data.b	28
0000039a 01         1081 	.data.b	1
0000039b 00000000*  1082 	.data.w	.LDW_378dfa0
0000039f 00         1083 	.data.b	0
000003a0 5101       1084 	.data.b	1,81
                    1085 
                    1086 .LDW_4a6cd10:
000003a2 11         1087 	.data.b	17
000003a3 654c6e69   1088 	.data.b	105,110,76,101,110,0
000003a7 006e 
000003a9 2c         1089 	.data.b	44
000003aa 2d         1090 	.data.b	45
000003ab 01         1091 	.data.b	1
000003ac 00000000*  1092 	.data.w	.LDW_4a6ca98
000003b0 00         1093 	.data.b	0
000003b1 5201       1094 	.data.b	1,82
                    1095 
                    1096 .LDW_37701d8:
000003b3 1f         1097 	.data.b	31
000003b4 00000000*  1098 	.data.w	.LDW21
000003b8 00000000*  1099 	.data.w	.LDW31
                    1100 
000003bc 00         1101 	.data.b	0
                    1102 

                                                                      Page 21
                                                              C:\Windows\TEMP\gh_00008nk3.si
000003bd 00         1103 	.data.b	0
                    1104 
                    1105 .LDW_4a6d440:
000003be 16         1106 	.data.b	22
000003bf 75636553   1107 	.data.b	83,101,99,117,114,101,70,108,97,115,104,95,68,101,99,114,121,112,116,70,105,110,105,115,104,0
000003c3 6c466572 
000003c7 5f687361 
000003cb 72636544 
000003cf 46747079 
000003d3 73696e69 
000003d7 0068 
000003d9 31         1108 	.data.b	49
000003da 10         1109 	.data.b	16
000003db 01         1110 	.data.b	1
000003dc 00000000*  1111 	.data.w	.LDW_37be6f0
000003e0 00000000*  1112 	.data.w	SecureFlash_DecryptFinish
000003e4 00000000*  1113 	.data.w	__ghs_eofn_SecureFlash_DecryptFinish
000003e8 5d01       1114 	.data.b	1,93
000003ea 00         1115 	.data.b	0
000003eb 04         1116 	.data.b	4
000003ec 00         1117 	.data.b	0
000003ed 7c         1118 	.data.b	124
000003ee 01         1119 	.data.b	1
000003ef 00         1120 	.data.b	0
000003f0 00         1121 	.data.b	0
000003f1 01         1122 	.data.b	1
000003f2 01         1123 	.data.b	1
000003f3 00         1124 	.data.b	0
000003f4 01         1125 	.data.b	1
                    1126 
                    1127 	.section	.debug_frame
                    1128 .LDW_4b7ce30:
000000c0 00000000*  1129 	.data.w	.LDW_unq_8-.LDW_unq_7
                    1130 .LDW_unq_7:
000000c4 00000000*  1131 	.data.w	.LDW_4b9d248
000000c8 00000000*  1132 	.data.w	SecureFlash_DecryptFinish
000000cc 00000004   1133 	.data.w	__ghs_eofn_SecureFlash_DecryptFinish-SecureFlash_DecryptFinish
000000d0 01         1134 	.data.b	1
000000d1 00000000*  1135 	.data.w	.LDW51
000000d5 00         1136 	.data.b	0
000000d6 00         1137 	.data.b	0
000000d7 00         1138 	.data.b	0
                    1139 .LDW_unq_8:
                    1140 	.section	.debug_line
000000a8 020500     1141 	.data.b	0,5,2
000000ab 00000000*  1142 	.data.w	SecureFlash_DecryptFinish
000000af 06         1143 	.data.b	6
000000b0 03         1144 	.data.b	3
000000b1 32         1145 	.data.b	50
000000b2 02         1146 	.data.b	2
000000b3 00         1147 	.data.b	0
000000b4 01         1148 	.data.b	1
000000b5 06         1149 	.data.b	6
000000b6 02         1150 	.data.b	2
000000b7 02         1151 	.data.b	2
000000b8 02         1152 	.data.b	2
000000b9 02         1153 	.data.b	2
000000ba 010100     1154 	.data.b	0,1,1
                    1155 	.section	.debug_info
                    1156 .LDW_4a6ccb8:
000003f5 11         1157 	.data.b	17

                                                                      Page 22
                                                              C:\Windows\TEMP\gh_00008nk3.si
000003f6 61746f74   1158 	.data.b	116,111,116,97,108,76,101,110,0
000003fa 6e654c6c 
000003fe 00 
000003ff 31         1159 	.data.b	49
00000400 32         1160 	.data.b	50
00000401 01         1161 	.data.b	1
00000402 00000000*  1162 	.data.w	.LDW_378da60
00000406 00         1163 	.data.b	0
00000407 5001       1164 	.data.b	1,80
                    1165 
                    1166 .LDW_3770238:
00000409 1f         1167 	.data.b	31
0000040a 00000000*  1168 	.data.w	.LDW41
0000040e 00000000*  1169 	.data.w	.LDW51
                    1170 
00000412 00         1171 	.data.b	0
                    1172 
00000413 00         1173 	.data.b	0
                    1174 
                    1175 .LDW_4a6d4d8:
00000414 16         1176 	.data.b	22
00000415 75636553   1177 	.data.b	83,101,99,117,114,101,70,108,97,115,104,95,86,101,114,105,102,121,83,116,97,114,116,0
00000419 6c466572 
0000041d 5f687361 
00000421 69726556 
00000425 74537966 
00000429 00747261 
0000042d 36         1178 	.data.b	54
0000042e 10         1179 	.data.b	16
0000042f 01         1180 	.data.b	1
00000430 00000000*  1181 	.data.w	.LDW_37be6f0
00000434 00000000*  1182 	.data.w	SecureFlash_VerifyStart
00000438 00000000*  1183 	.data.w	__ghs_eofn_SecureFlash_VerifyStart
0000043c 5d01       1184 	.data.b	1,93
0000043e 00         1185 	.data.b	0
0000043f 04         1186 	.data.b	4
00000440 00         1187 	.data.b	0
00000441 7c         1188 	.data.b	124
00000442 01         1189 	.data.b	1
00000443 00         1190 	.data.b	0
00000444 00         1191 	.data.b	0
00000445 01         1192 	.data.b	1
00000446 01         1193 	.data.b	1
00000447 00         1194 	.data.b	0
00000448 01         1195 	.data.b	1
                    1196 
                    1197 	.section	.debug_frame
                    1198 .LDW_4b7d070:
000000d8 00000000*  1199 	.data.w	.LDW_unq_a-.LDW_unq_9
                    1200 .LDW_unq_9:
000000dc 00000000*  1201 	.data.w	.LDW_4b9d248
000000e0 00000000*  1202 	.data.w	SecureFlash_VerifyStart
000000e4 00000004   1203 	.data.w	__ghs_eofn_SecureFlash_VerifyStart-SecureFlash_VerifyStart
000000e8 01         1204 	.data.b	1
000000e9 00000000*  1205 	.data.w	.LDW71
000000ed 00         1206 	.data.b	0
000000ee 00         1207 	.data.b	0
000000ef 00         1208 	.data.b	0
                    1209 .LDW_unq_a:
                    1210 	.section	.debug_line
000000bd 020500     1211 	.data.b	0,5,2

                                                                      Page 23
                                                              C:\Windows\TEMP\gh_00008nk3.si
000000c0 00000000*  1212 	.data.w	SecureFlash_VerifyStart
000000c4 06         1213 	.data.b	6
000000c5 03         1214 	.data.b	3
000000c6 37         1215 	.data.b	55
000000c7 02         1216 	.data.b	2
000000c8 00         1217 	.data.b	0
000000c9 01         1218 	.data.b	1
000000ca 06         1219 	.data.b	6
000000cb 02         1220 	.data.b	2
000000cc 02         1221 	.data.b	2
000000cd 02         1222 	.data.b	2
000000ce 02         1223 	.data.b	2
000000cf 010100     1224 	.data.b	0,1,1
                    1225 	.section	.debug_info
                    1226 .LDW_3770148:
00000449 1f         1227 	.data.b	31
0000044a 00000000*  1228 	.data.w	.LDW61
0000044e 00000000*  1229 	.data.w	.LDW71
                    1230 
00000452 00         1231 	.data.b	0
                    1232 
00000453 00         1233 	.data.b	0
                    1234 
                    1235 .LDW_4a6e178:
00000454 16         1236 	.data.b	22
00000455 75636553   1237 	.data.b	83,101,99,117,114,101,70,108,97,115,104,95,86,101,114,105,102,121,85,112,100,97,116,101,0
00000459 6c466572 
0000045d 5f687361 
00000461 69726556 
00000465 70557966 
00000469 65746164 
0000046d 00 
0000046e 3b         1238 	.data.b	59
0000046f 10         1239 	.data.b	16
00000470 01         1240 	.data.b	1
00000471 00000000*  1241 	.data.w	.LDW_37be6f0
00000475 00000000*  1242 	.data.w	SecureFlash_VerifyUpdate
00000479 00000000*  1243 	.data.w	__ghs_eofn_SecureFlash_VerifyUpdate
0000047d 5d01       1244 	.data.b	1,93
0000047f 00         1245 	.data.b	0
00000480 04         1246 	.data.b	4
00000481 00         1247 	.data.b	0
00000482 7c         1248 	.data.b	124
00000483 01         1249 	.data.b	1
00000484 00         1250 	.data.b	0
00000485 00         1251 	.data.b	0
00000486 01         1252 	.data.b	1
00000487 01         1253 	.data.b	1
00000488 00         1254 	.data.b	0
00000489 01         1255 	.data.b	1
                    1256 
                    1257 	.section	.debug_frame
                    1258 .LDW_4b7d530:
000000f0 00000000*  1259 	.data.w	.LDW_unq_c-.LDW_unq_b
                    1260 .LDW_unq_b:
000000f4 00000000*  1261 	.data.w	.LDW_4b9d248
000000f8 00000000*  1262 	.data.w	SecureFlash_VerifyUpdate
000000fc 00000004   1263 	.data.w	__ghs_eofn_SecureFlash_VerifyUpdate-SecureFlash_VerifyUpdate
00000100 01         1264 	.data.b	1
00000101 00000000*  1265 	.data.w	.LDW91
00000105 00         1266 	.data.b	0

                                                                      Page 24
                                                              C:\Windows\TEMP\gh_00008nk3.si
00000106 00         1267 	.data.b	0
00000107 00         1268 	.data.b	0
                    1269 .LDW_unq_c:
                    1270 	.section	.debug_line
000000d2 020500     1271 	.data.b	0,5,2
000000d5 00000000*  1272 	.data.w	SecureFlash_VerifyUpdate
000000d9 06         1273 	.data.b	6
000000da 03         1274 	.data.b	3
000000db 3d         1275 	.data.b	61
000000dc 02         1276 	.data.b	2
000000dd 00         1277 	.data.b	0
000000de 01         1278 	.data.b	1
000000df 06         1279 	.data.b	6
000000e0 02         1280 	.data.b	2
000000e1 02         1281 	.data.b	2
000000e2 02         1282 	.data.b	2
000000e3 02         1283 	.data.b	2
000000e4 010100     1284 	.data.b	0,1,1
                    1285 	.section	.debug_info
                    1286 .LDW_4a6cd68:
0000048a 11         1287 	.data.b	17
0000048b 6c796170   1288 	.data.b	112,97,121,108,111,97,100,0
0000048f 0064616f 
00000493 3c         1289 	.data.b	60
00000494 10         1290 	.data.b	16
00000495 01         1291 	.data.b	1
00000496 00000000*  1292 	.data.w	.LDW_378dfa0
0000049a 00         1293 	.data.b	0
0000049b 5001       1294 	.data.b	1,80
                    1295 
                    1296 .LDW_4a6cdc0:
0000049d 11         1297 	.data.b	17
0000049e 676e656c   1298 	.data.b	108,101,110,103,116,104,0
000004a2 006874 
000004a5 3c         1299 	.data.b	60
000004a6 26         1300 	.data.b	38
000004a7 01         1301 	.data.b	1
000004a8 00000000*  1302 	.data.w	.LDW_4a6ca98
000004ac 00         1303 	.data.b	0
000004ad 5101       1304 	.data.b	1,81
                    1305 
                    1306 .LDW_4a6d810:
000004af 1f         1307 	.data.b	31
000004b0 00000000*  1308 	.data.w	.LDW81
000004b4 00000000*  1309 	.data.w	.LDW91
                    1310 
000004b8 00         1311 	.data.b	0
                    1312 
000004b9 00         1313 	.data.b	0
                    1314 
                    1315 .LDW_4a6e210:
000004ba 16         1316 	.data.b	22
000004bb 75636553   1317 	.data.b	83,101,99,117,114,101,70,108,97,115,104,95,86,101,114,105,102,121,70,105,110,105,115,104,0
000004bf 6c466572 
000004c3 5f687361 
000004c7 69726556 
000004cb 69467966 
000004cf 6873696e 
000004d3 00 
000004d4 41         1318 	.data.b	65
000004d5 10         1319 	.data.b	16

                                                                      Page 25
                                                              C:\Windows\TEMP\gh_00008nk3.si
000004d6 01         1320 	.data.b	1
000004d7 00000000*  1321 	.data.w	.LDW_37be6f0
000004db 00000000*  1322 	.data.w	SecureFlash_VerifyFinish
000004df 00000000*  1323 	.data.w	__ghs_eofn_SecureFlash_VerifyFinish
000004e3 5d01       1324 	.data.b	1,93
000004e5 00         1325 	.data.b	0
000004e6 04         1326 	.data.b	4
000004e7 00         1327 	.data.b	0
000004e8 7c         1328 	.data.b	124
000004e9 01         1329 	.data.b	1
000004ea 00         1330 	.data.b	0
000004eb 00         1331 	.data.b	0
000004ec 01         1332 	.data.b	1
000004ed 01         1333 	.data.b	1
000004ee 00         1334 	.data.b	0
000004ef 01         1335 	.data.b	1
                    1336 
                    1337 	.section	.debug_frame
                    1338 .LDW_4b7d2f0:
00000108 00000000*  1339 	.data.w	.LDW_unq_e-.LDW_unq_d
                    1340 .LDW_unq_d:
0000010c 00000000*  1341 	.data.w	.LDW_4b9d248
00000110 00000000*  1342 	.data.w	SecureFlash_VerifyFinish
00000114 00000004   1343 	.data.w	__ghs_eofn_SecureFlash_VerifyFinish-SecureFlash_VerifyFinish
00000118 01         1344 	.data.b	1
00000119 00000000*  1345 	.data.w	.LDW12
0000011d 00         1346 	.data.b	0
0000011e 00         1347 	.data.b	0
0000011f 00         1348 	.data.b	0
                    1349 .LDW_unq_e:
                    1350 	.section	.debug_line
000000e7 020500     1351 	.data.b	0,5,2
000000ea 00000000*  1352 	.data.w	SecureFlash_VerifyFinish
000000ee 06         1353 	.data.b	6
000000ef 03         1354 	.data.b	3
000000f0 00c3       1355 	.data.b	195,0
000000f2 02         1356 	.data.b	2
000000f3 00         1357 	.data.b	0
000000f4 01         1358 	.data.b	1
000000f5 06         1359 	.data.b	6
000000f6 02         1360 	.data.b	2
000000f7 02         1361 	.data.b	2
000000f8 02         1362 	.data.b	2
000000f9 02         1363 	.data.b	2
000000fa 010100     1364 	.data.b	0,1,1
                    1365 	.section	.debug_info
                    1366 .LDW_4a6cf20:
000004f0 11         1367 	.data.b	17
000004f1 4b627570   1368 	.data.b	112,117,98,75,101,121,0
000004f5 007965 
000004f8 42         1369 	.data.b	66
000004f9 20         1370 	.data.b	32
000004fa 01         1371 	.data.b	1
000004fb 00000000*  1372 	.data.w	.LDW_378dde0
000004ff 00         1373 	.data.b	0
00000500 5001       1374 	.data.b	1,80
                    1375 
                    1376 .LDW_4a6d398:
00000502 11         1377 	.data.b	17
00000503 42676973   1378 	.data.b	115,105,103,66,117,102,102,0
00000507 00666675 

                                                                      Page 26
                                                              C:\Windows\TEMP\gh_00008nk3.si
0000050b 42         1379 	.data.b	66
0000050c 44         1380 	.data.b	68
0000050d 01         1381 	.data.b	1
0000050e 00000000*  1382 	.data.w	.LDW_378da98
00000512 00         1383 	.data.b	0
00000513 5101       1384 	.data.b	1,81
                    1385 
                    1386 .LDW_4a6d630:
00000515 1f         1387 	.data.b	31
00000516 00000000*  1388 	.data.w	.LDW02
0000051a 00000000*  1389 	.data.w	.LDW12
                    1390 
0000051e 00         1391 	.data.b	0
                    1392 
0000051f 00         1393 	.data.b	0
                    1394 
                    1395 .LDW_4a6e2a8:
00000520 16         1396 	.data.b	22
00000521 75636553   1397 	.data.b	83,101,99,117,114,101,70,108,97,115,104,95,71,101,116,86,101,114,115,105,111,110,73,110,102,111,0
00000525 6c466572 
00000529 5f687361 
0000052d 56746547 
00000531 69737265 
00000535 6e496e6f 
00000539 006f66 
0000053c 47         1398 	.data.b	71
0000053d 08         1399 	.data.b	8
0000053e 01         1400 	.data.b	1
0000053f 00000000*  1401 	.data.w	.LDW_4a6ca40
00000543 00000000*  1402 	.data.w	SecureFlash_GetVersionInfo
00000547 00000000*  1403 	.data.w	__ghs_eofn_SecureFlash_GetVersionInfo
0000054b 5d01       1404 	.data.b	1,93
0000054d 00         1405 	.data.b	0
0000054e 04         1406 	.data.b	4
0000054f 00         1407 	.data.b	0
00000550 7c         1408 	.data.b	124
00000551 01         1409 	.data.b	1
00000552 00         1410 	.data.b	0
00000553 00         1411 	.data.b	0
00000554 01         1412 	.data.b	1
00000555 01         1413 	.data.b	1
00000556 00         1414 	.data.b	0
00000557 01         1415 	.data.b	1
                    1416 
                    1417 	.section	.debug_frame
                    1418 .LDW_4b7d430:
00000120 00000000*  1419 	.data.w	.LDW_unq_10-.LDW_unq_f
                    1420 .LDW_unq_f:
00000124 00000000*  1421 	.data.w	.LDW_4b9d248
00000128 00000000*  1422 	.data.w	SecureFlash_GetVersionInfo
0000012c 00000004   1423 	.data.w	__ghs_eofn_SecureFlash_GetVersionInfo-SecureFlash_GetVersionInfo
00000130 01         1424 	.data.b	1
00000131 00000000*  1425 	.data.w	.LDW32
00000135 00         1426 	.data.b	0
00000136 00         1427 	.data.b	0
00000137 00         1428 	.data.b	0
                    1429 .LDW_unq_10:
                    1430 	.section	.debug_line
000000fd 020500     1431 	.data.b	0,5,2
00000100 00000000*  1432 	.data.w	SecureFlash_GetVersionInfo
00000104 06         1433 	.data.b	6

                                                                      Page 27
                                                              C:\Windows\TEMP\gh_00008nk3.si
00000105 03         1434 	.data.b	3
00000106 00c8       1435 	.data.b	200,0
00000108 02         1436 	.data.b	2
00000109 00         1437 	.data.b	0
0000010a 01         1438 	.data.b	1
0000010b 06         1439 	.data.b	6
0000010c 02         1440 	.data.b	2
0000010d 02         1441 	.data.b	2
0000010e 02         1442 	.data.b	2
0000010f 02         1443 	.data.b	2
00000110 010100     1444 	.data.b	0,1,1
                    1445 	.section	.debug_info
                    1446 .LDW_4a6da20:
00000558 1f         1447 	.data.b	31
00000559 00000000*  1448 	.data.w	.LDW22
0000055d 00000000*  1449 	.data.w	.LDW32
                    1450 
00000561 00         1451 	.data.b	0
                    1452 
00000562 00         1453 	.data.b	0
                    1454 
                    1455 .LDW_4a6eb48:
00000563 16         1456 	.data.b	22
00000564 75636553   1457 	.data.b	83,101,99,117,114,101,70,108,97,115,104,95,83,101,116,67,97,108,108,98,97,99,107,0
00000568 6c466572 
0000056c 5f687361 
00000570 43746553 
00000574 626c6c61 
00000578 006b6361 
0000057c 4c         1458 	.data.b	76
0000057d 10         1459 	.data.b	16
0000057e 01         1460 	.data.b	1
0000057f 00000000*  1461 	.data.w	.LDW_37be6f0
00000583 00000000*  1462 	.data.w	SecureFlash_SetCallback
00000587 00000000*  1463 	.data.w	__ghs_eofn_SecureFlash_SetCallback
0000058b 5d01       1464 	.data.b	1,93
0000058d 00         1465 	.data.b	0
0000058e 04         1466 	.data.b	4
0000058f 00         1467 	.data.b	0
00000590 7c         1468 	.data.b	124
00000591 01         1469 	.data.b	1
00000592 00         1470 	.data.b	0
00000593 00         1471 	.data.b	0
00000594 01         1472 	.data.b	1
00000595 01         1473 	.data.b	1
00000596 00         1474 	.data.b	0
00000597 01         1475 	.data.b	1
                    1476 
                    1477 	.section	.debug_frame
                    1478 .LDW_4b7d5b0:
00000138 00000000*  1479 	.data.w	.LDW_unq_12-.LDW_unq_11
                    1480 .LDW_unq_11:
0000013c 00000000*  1481 	.data.w	.LDW_4b9d248
00000140 00000000*  1482 	.data.w	SecureFlash_SetCallback
00000144 00000004   1483 	.data.w	__ghs_eofn_SecureFlash_SetCallback-SecureFlash_SetCallback
00000148 01         1484 	.data.b	1
00000149 00000000*  1485 	.data.w	.LDW52
0000014d 00         1486 	.data.b	0
0000014e 00         1487 	.data.b	0
0000014f 00         1488 	.data.b	0
                    1489 .LDW_unq_12:

                                                                      Page 28
                                                              C:\Windows\TEMP\gh_00008nk3.si
                    1490 	.section	.debug_line
00000113 020500     1491 	.data.b	0,5,2
00000116 00000000*  1492 	.data.w	SecureFlash_SetCallback
0000011a 06         1493 	.data.b	6
0000011b 03         1494 	.data.b	3
0000011c 00cd       1495 	.data.b	205,0
0000011e 02         1496 	.data.b	2
0000011f 00         1497 	.data.b	0
00000120 01         1498 	.data.b	1
00000121 06         1499 	.data.b	6
00000122 02         1500 	.data.b	2
00000123 02         1501 	.data.b	2
00000124 02         1502 	.data.b	2
00000125 02         1503 	.data.b	2
00000126 010100     1504 	.data.b	0,1,1
                    1505 	.section	.debug_info
                    1506 .LDW_4a6d290:
00000598 11         1507 	.data.b	17
00000599 75466263   1508 	.data.b	99,98,70,117,110,99,0
0000059d 00636e 
000005a0 4c         1509 	.data.b	76
000005a1 43         1510 	.data.b	67
000005a2 01         1511 	.data.b	1
000005a3 00000000*  1512 	.data.w	.LDW_4a6d0d8
000005a7 00         1513 	.data.b	0
000005a8 5001       1514 	.data.b	1,80
                    1515 
                    1516 .LDW_4a6da80:
000005aa 1f         1517 	.data.b	31
000005ab 00000000*  1518 	.data.w	.LDW42
000005af 00000000*  1519 	.data.w	.LDW52
                    1520 
000005b3 00         1521 	.data.b	0
                    1522 
000005b4 00         1523 	.data.b	0
                    1524 
000005b5 00         1525 	.data.b	0
                    1526 
                    1527 	.section	.debug_line
                    1528 .Ldw_line_end:
                    1529 	.section	.debug_macinfo
00000000 03         1530 	.data.b	3
00000001 00         1531 	.data.b	0
00000002 01         1532 	.data.b	1
00000003 03         1533 	.data.b	3
00000004 1d         1534 	.data.b	29
00000005 02         1535 	.data.b	2
00000006 01         1536 	.data.b	1
00000007 26         1537 	.data.b	38
00000008 55434553   1538 	.data.b	83,69,67,85,82,69,70,76,65,83,72,95,82,83,65,95,80,85,66,76,73,67,75,69,89,95,66,89,84,69,83,32,50,53,54,85,0
0000000c 4c464552 
00000010 5f485341 
00000014 5f415352 
00000018 4c425550 
0000001c 454b4349 
00000020 59425f59 
00000024 20534554 
00000028 55363532 
0000002c 00 
0000002d 04         1539 	.data.b	4
0000002e 04         1540 	.data.b	4

                                                                      Page 29
                                                              C:\Windows\TEMP\gh_00008nk3.si
0000002f 00         1541 	.data.b	0
                    1542 	.section	.debug_abbrev
000000fe 00         1543 	.data.b	0
                    1544 	.section	.debug_info
                    1545 .Ldw_end:
